04-07 18:23:33.399  8795  8798 W ziparchive: Unable to open '/data/user_de/0/com.google.android.gms/app_chimera/m/00000013/CronetDynamite.dm': No such file or directory
04-07 18:23:33.453  8795  8798 W ziparchive: Unable to open '/data/user_de/0/com.google.android.gms/app_chimera/m/00000004/DynamiteModulesC.dm': No such file or directory
04-07 18:23:33.453  8795  8798 W ziparchive: Unable to open '/data/user_de/0/com.google.android.gms/app_chimera/m/00000004/DynamiteModulesC.dm': No such file or directory
04-07 18:23:33.462  8795  8798 W ziparchive: Unable to open '/data/user_de/0/com.google.android.gms/app_chimera/m/0000000c/dl-VisionOcrDynamite.integ_231602402100000.dm': No such file or directory
04-07 18:23:33.464  8795  8798 W ziparchive: Unable to open '/data/user_de/0/com.google.android.gms/app_chimera/m/0000000c/dl-VisionOcrDynamite.integ_231602402100000.dm': No such file or directory
04-07 18:23:33.483  8795  8798 W ziparchive: Unable to open '/data/user_de/0/com.google.android.gms/app_chimera/m/00000001/CronetDynamite.dm': No such file or directory
04-07 18:23:33.483  8795  8798 W ziparchive: Unable to open '/data/user_de/0/com.google.android.gms/app_chimera/m/00000001/CronetDynamite.dm': No such file or directory
04-07 18:23:33.490  8795  8798 W ziparchive: Unable to open '/data/user_de/0/com.google.android.gms/app_chimera/m/00000002/DynamiteLoader.dm': No such file or directory
04-07 18:23:33.497  8795  8798 W ziparchive: Unable to open '/data/user_de/0/com.google.android.gms/app_chimera/m/00000002/DynamiteLoader.dm': No such file or directory
04-07 18:23:33.499  8795  8798 W ziparchive: Unable to open '/data/user_de/0/com.google.android.gms/app_chimera/m/00000005/GoogleCertificates.dm': No such file or directory
04-07 18:23:33.499  8795  8798 W ziparchive: Unable to open '/data/user_de/0/com.google.android.gms/app_chimera/m/00000005/GoogleCertificates.dm': No such file or directory
04-07 18:23:33.524 19390 19390 W InputContextProxy: InputContextProxy.applyClientDiffInternal():939 Ignore [FetchSuggestions] diff due to stale request: 1730<1732, inputStateId=1723, lastInputStateId=1724
04-07 18:23:33.524  8795  8798 W ziparchive: Unable to open '/data/user_de/0/com.google.android.gms/app_chimera/m/00000000/AdsDynamite.dm': No such file or directory
04-07 18:23:33.524  8795  8798 W ziparchive: Unable to open '/data/user_de/0/com.google.android.gms/app_chimera/m/00000000/AdsDynamite.dm': No such file or directory
04-07 18:23:33.538  8795  8798 W ziparchive: Unable to open '/data/user_de/0/com.google.android.gms/app_chimera/m/00000018/dl-MlkitOcrCommon.optional_241017100800.dm': No such file or directory
04-07 18:23:33.539  8795  8798 W ziparchive: Unable to open '/data/user_de/0/com.google.android.gms/app_chimera/m/00000018/dl-MlkitOcrCommon.optional_241017100800.dm': No such file or directory
04-07 18:23:33.554  8795  8798 W ziparchive: Unable to open '/data/user_de/0/com.google.android.gms/app_chimera/m/0000001a/dl-VisionOcr.optional_241017100000.dm': No such file or directory
04-07 18:23:33.554  8795  8798 W ziparchive: Unable to open '/data/user_de/0/com.google.android.gms/app_chimera/m/0000001a/dl-VisionOcr.optional_241017100000.dm': No such file or directory
04-07 18:23:33.555 19390 19390 I KeyboardHeightUtil: KeyboardHeightUtil.calculateMaxKeyboardBodyHeight():45 leave 281 height for app when ime window height:2211, header height:116 and isFullscreenMode:false, so the max keyboard body height is:1814
04-07 18:23:33.574  8795  8798 W ziparchive: Unable to open '/data/user_de/0/com.google.android.gms/app_chimera/m/00000017/dl-PlayCloudSearch.optional_241017100000.dm': No such file or directory
04-07 18:23:33.575  8795  8798 W ziparchive: Unable to open '/data/user_de/0/com.google.android.gms/app_chimera/m/00000017/dl-PlayCloudSearch.optional_241017100000.dm': No such file or directory
04-07 18:23:33.587  8795  8798 W ziparchive: Unable to open '/data/user_de/0/com.google.android.gms/app_chimera/m/0000000b/dl-MlkitBarcodeUi.optional_231818100000.dm': No such file or directory
04-07 18:23:33.587  8795  8798 W ziparchive: Unable to open '/data/user_de/0/com.google.android.gms/app_chimera/m/0000000b/dl-MlkitBarcodeUi.optional_231818100000.dm': No such file or directory
04-07 18:23:33.593  8795  8798 W ziparchive: Unable to open '/data/user_de/0/com.google.android.gms/app_chimera/m/00000015/dl-Antifingerprinting.optional_241017100000.dm': No such file or directory
04-07 18:23:33.606  8795  8798 W ziparchive: Unable to open '/data/user_de/0/com.google.android.gms/app_chimera/m/00000015/dl-Antifingerprinting.optional_241017100000.dm': No such file or directory
04-07 18:23:33.634  8795  8798 W ziparchive: Unable to open '/data/user_de/0/com.google.android.gms/app_chimera/m/00000014/DynamiteLoader.dm': No such file or directory
04-07 18:23:33.634  8795  8798 W ziparchive: Unable to open '/data/user_de/0/com.google.android.gms/app_chimera/m/00000014/DynamiteLoader.dm': No such file or directory
04-07 18:23:33.650  8795  8798 W ziparchive: Unable to open '/data/user_de/0/com.google.android.gms/app_chimera/m/0000000e/dl-TfliteDynamiteDynamite.integ_234200803100800.dm': No such file or directory
04-07 18:23:33.650  8795  8798 W ziparchive: Unable to open '/data/user_de/0/com.google.android.gms/app_chimera/m/0000000e/dl-TfliteDynamiteDynamite.integ_234200803100800.dm': No such file or directory
04-07 18:23:33.673  8795  8798 W ziparchive: Unable to open '/data/user_de/0/com.google.android.gms/app_chimera/m/00000010/dl-PlayCloudSearch.optional_231818100000.dm': No such file or directory
04-07 18:23:33.675  8795  8798 W ziparchive: Unable to open '/data/user_de/0/com.google.android.gms/app_chimera/m/00000010/dl-PlayCloudSearch.optional_231818100000.dm': No such file or directory
04-07 18:23:33.708  8795  8798 W ziparchive: Unable to open '/data/user_de/0/com.google.android.gms/app_chimera/m/0000000a/dl-MlkitOcrCommon.optional_231818100800.dm': No such file or directory
04-07 18:23:33.709  8795  8798 W ziparchive: Unable to open '/data/user_de/0/com.google.android.gms/app_chimera/m/0000000a/dl-MlkitOcrCommon.optional_231818100800.dm': No such file or directory
04-07 18:23:33.718  8795  8798 W ziparchive: Unable to open '/data/user_de/0/com.google.android.gms/app_chimera/m/00000007/MeasurementDynamite.dm': No such file or directory
04-07 18:23:33.722  8795  8798 W ziparchive: Unable to open '/data/user_de/0/com.google.android.gms/app_chimera/m/00000007/MeasurementDynamite.dm': No such file or directory
04-07 18:23:33.744  8795  8798 W ziparchive: Unable to open '/data/user_de/0/com.google.android.gms/app_chimera/m/0000001c/dl-MlkitBarcodeUi.optional_241017100800.dm': No such file or directory
04-07 18:23:33.746  8795  8798 W ziparchive: Unable to open '/data/user_de/0/com.google.android.gms/app_chimera/m/0000001c/dl-MlkitBarcodeUi.optional_241017100800.dm': No such file or directory
04-07 18:23:33.861 15141 15141 I Finsky  : [2] acda.onStartJob(127): SCH: job service start with id 9721.
04-07 18:23:33.971 15141  8345 I Finsky  : [738] kum.a(245): SCH: Satisfied jobs for 9721 are: 12-1
04-07 18:23:33.974 15141  8810 I Finsky  : [749] zhs.accept(439): SCH: Job 12-1 starting
04-07 18:23:33.977 15141 15141 I Finsky  : [2] ContentSyncJob.h(9): [ContentSync] job started
04-07 18:23:34.046 19390 19390 W InputConnectionWrapper: InputConnectionWrapper.recordDuration():1578 IPC IC_GET_SURROUNDING_TEXT took 183 ms
04-07 18:23:34.135 19390 19390 I KeyboardHeightUtil: KeyboardHeightUtil.calculateMaxKeyboardBodyHeight():45 leave 281 height for app when ime window height:2211, header height:116 and isFullscreenMode:false, so the max keyboard body height is:1814
04-07 18:23:34.183   883   959 D EGL_emulation: app_time_stats: avg=31.57ms min=2.54ms max=99.72ms count=26
04-07 18:23:34.230 19390 20832 D EGL_emulation: app_time_stats: avg=209.11ms min=28.92ms max=526.07ms count=7
04-07 18:23:34.358 19390 19390 I KeyboardHeightUtil: KeyboardHeightUtil.calculateMaxKeyboardBodyHeight():45 leave 281 height for app when ime window height:2211, header height:116 and isFullscreenMode:false, so the max keyboard body height is:1814
04-07 18:23:34.418 15141  8813 I Finsky  : [752] lbo.f(36): Completed 0 account content syncs with 0 successful.
04-07 18:23:34.438 15141 15141 I Finsky  : [2] ContentSyncJob.a(12): [ContentSync] Installation state replication succeeded.
04-07 18:23:34.470  8733  8769 D EGL_emulation: app_time_stats: avg=397.92ms min=297.11ms max=532.29ms count=3
04-07 18:23:34.460 15141 15141 I Finsky  : [2] acbi.r(79): SCH: jobFinished: 12-1. TimeElapsed: 461ms.
04-07 18:23:34.675 15141 15192 I Finsky  : [120] pda.accept(66): SCH: Scheduling phonesky job Id: 1-1337, CT: 1712514775610, Constraints: [{ L: 14865207, D: 58065207, C: 1, I: 1, N: 1 }]
04-07 18:23:34.698 19390 19390 I KeyboardHeightUtil: KeyboardHeightUtil.calculateMaxKeyboardBodyHeight():45 leave 281 height for app when ime window height:2211, header height:116 and isFullscreenMode:false, so the max keyboard body height is:1814
04-07 18:23:34.742 15141 15192 I Finsky  : [120] jtq.apply(56): SCH: Scheduling 1 system job(s)
04-07 18:23:34.743 15141 15192 I Finsky  : [120] acbe.d(246): SCH: Scheduling system job Id: 9724, L: 1026074, D: 44226074, C: false, I: false, N: 1
04-07 18:23:34.895 15141  8810 I Finsky  : [749] acda.a(24): SCH: job service finished with id 9721.
04-07 18:23:34.974 19390 19390 I KeyboardHeightUtil: KeyboardHeightUtil.calculateMaxKeyboardBodyHeight():45 leave 281 height for app when ime window height:2211, header height:116 and isFullscreenMode:false, so the max keyboard body height is:1814
04-07 18:23:35.006 19162 19162 D BoundBrokerSvc: onUnbind: Intent { act=com.google.android.gms.inappreach.service.START dat=chimera-action:/... cmp=com.google.android.gms/.chimera.GmsApiService }
04-07 18:23:35.028 15141 15151 I android.vending: WaitForGcToComplete blocked CollectorTransition on None for 8.918ms
04-07 18:23:35.133 19390 19390 I KeyboardHeightUtil: KeyboardHeightUtil.calculateMaxKeyboardBodyHeight():45 leave 281 height for app when ime window height:2211, header height:116 and isFullscreenMode:false, so the max keyboard body height is:1814
04-07 18:23:35.164 19390 19390 I KeyboardHeightUtil: KeyboardHeightUtil.calculateMaxKeyboardBodyHeight():45 leave 281 height for app when ime window height:2211, header height:116 and isFullscreenMode:false, so the max keyboard body height is:1814
04-07 18:23:35.280 19390 19390 I KeyboardHeightUtil: KeyboardHeightUtil.calculateMaxKeyboardBodyHeight():45 leave 281 height for app when ime window height:2211, header height:116 and isFullscreenMode:false, so the max keyboard body height is:1814
04-07 18:23:35.319 19390 20832 D EGL_emulation: app_time_stats: avg=179.58ms min=27.55ms max=276.50ms count=6
04-07 18:23:35.362 19390 19390 I KeyboardHeightUtil: KeyboardHeightUtil.calculateMaxKeyboardBodyHeight():45 leave 281 height for app when ime window height:2211, header height:116 and isFullscreenMode:false, so the max keyboard body height is:1814
04-07 18:23:35.424  8733  8733 I ViewInteraction: Performing 'close keyboard' action on view view.getId() is <2130903042/com.example.android.testing.espresso.BasicSample:id/editTextUserInput>
04-07 18:23:35.450  8733  8733 D IdlingRegistry: Registering idling resources: [androidx.test.espresso.action.CloseKeyboardAction$CloseKeyboardIdlingResult@fe053f0]
04-07 18:23:35.450  8733  8733 I ImeTracker: com.example.android.testing.espresso.BasicSample:419ecdaf: onRequestHide at ORIGIN_CLIENT_HIDE_SOFT_INPUT reason HIDE_SOFT_INPUT
04-07 18:23:35.475 19390 19390 I GoogleInputMethodService: GoogleInputMethodService.onFinishInputView():2353
04-07 18:23:35.512 19390 19390 W TooltipLifecycleManager: TooltipLifecycleManager.dismissTooltips():172 Tooltip with id spell_check_add_to_dictionary not found in tooltipManager.
04-07 18:23:35.516 19390 19390 I InputBundle: InputBundle.consumeEvent():878 Skip consuming an event as keyboard status is 0
04-07 18:23:35.525 19390 19390 I VoiceInputHandler: VoiceInputHandler.onDeactivateIme():115 unregistering TalkbackStateListener
04-07 18:23:35.532 19390 19390 I VoiceInputManagerWrapper: VoiceInputManagerWrapper.shutdown():124 shutdown()
04-07 18:23:35.543 19390 19390 I AndroidIME: AbstractIme.onDeactivate():204 LatinIme.onDeactivate()
04-07 18:23:35.555 19390 19390 W AccessPointsManager: AccessPointsManager.removeAccessPoint():846 The holder controller #0x7f0b206c is not registered
04-07 18:23:35.569  8733  8733 W WindowOnBackDispatcher: sendCancelIfRunning: isInProgress=falsecallback=ImeCallback=ImeOnBackInvokedCallback@218956194 Callback=android.window.IOnBackInvokedCallback$Stub$Proxy@a73c08f
04-07 18:23:35.573 19390 19449 I NebulaeTrainingCacheMetricsProcessor: NebulaeTrainingCacheMetricsProcessor.processEndSession():510 No input action collection in this session, skip logging.
04-07 18:23:35.755   883   959 D EGL_emulation: app_time_stats: avg=91.74ms min=1.04ms max=784.67ms count=15
04-07 18:23:35.784  8733  8733 I ImeTracker: com.example.android.testing.espresso.BasicSample:575d33fa: onRequestHide at ORIGIN_CLIENT_HIDE_SOFT_INPUT reason HIDE_SOFT_INPUT_BY_INSETS_API
04-07 18:23:35.790   529  1615 I ImeTracker: com.example.android.testing.espresso.BasicSample:575d33fa: onCancelled at PHASE_SERVER_SHOULD_HIDE
04-07 18:23:35.792  8733  8733 I ImeTracker: com.example.android.testing.espresso.BasicSample:419ecdaf: onHidden
04-07 18:23:35.861  8733  8769 D EGL_emulation: app_time_stats: avg=173.59ms min=42.21ms max=503.15ms count=8
04-07 18:23:35.883  8733  8733 D IdlingRegistry: Unregistering idling resources: [androidx.test.espresso.action.CloseKeyboardAction$CloseKeyboardIdlingResult@fe053f0]
04-07 18:23:35.899  8733  8733 I ViewInteraction: Performing 'single click' action on view view.getId() is <2130903041/com.example.android.testing.espresso.BasicSample:id/changeTextBt>
04-07 18:23:36.021   410   447 D audioserver: FGS Logger Transaction failed
04-07 18:23:36.022   410   447 D audioserver: -129
04-07 18:23:36.051 19162 19162 D BoundBrokerSvc: onUnbind: Intent { act=com.google.android.mdd.service.START dat=chimera-action:/... cmp=com.google.android.gms/.chimera.GmsBoundBrokerService }
04-07 18:23:36.215   410   478 D audioserver: FGS Logger Transaction failed
04-07 18:23:36.215   410   478 D audioserver: -129
04-07 18:23:36.414  8733  8733 I ViewInteraction: Checking 'MatchesViewAssertion{viewMatcher=an instance of android.widget.TextView and view.getText() with or without transformation to match: is "GroupNine"}' assertion on view view.getId() is <2130903044/com.example.android.testing.espresso.BasicSample:id/textToBeChanged>
04-07 18:23:36.442  8733  8733 I ViewInteraction: Performing 'replace text()' action on view view.getId() is <2130903042/com.example.android.testing.espresso.BasicSample:id/editTextUserInput>
04-07 18:23:36.499 19390 19390 I GoogleInputMethodService: GoogleInputMethodService.onStartInput():1950 onStartInput(EditorInfo{EditorInfo{packageName=com.example.android.testing.espresso.BasicSample, inputType=1, inputTypeString=Normal, enableLearning=true, autoCorrection=true, autoComplete=true, imeOptions=6, privateImeOptions=null, actionName=DONE, actionLabel=null, initialSelStart=0, initialSelEnd=0, initialCapsMode=3000, label=null, fieldId=2130903042, fieldName=null, extras=null, hintText=non-empty, hintLocales=[]}}, true)
04-07 18:23:36.499 19390 19390 I GoogleInputMethodService: GoogleInputMethodService.updateDeviceLockedStatus():2210 repeatCheckTimes = 1, locked = false
04-07 18:23:36.500 19390 19390 W SessionManager: SessionManager.beginSession():53 Try to begin an already begun session [INPUT_SESSION], end it first
04-07 18:23:36.501 19390 19390 I AndroidIME: InputBundleManager.loadActiveInputBundleId():450 loadActiveInputBundleId: en-US, ime_english_united_states
04-07 18:23:36.514  8733  8733 I ViewInteraction: Performing 'type text(GroupNine)' action on view view.getId() is <2130903042/com.example.android.testing.espresso.BasicSample:id/editTextUserInput>
04-07 18:23:36.614  8733  8733 I ImeTracker: com.example.android.testing.espresso.BasicSample:ed08adb2: onRequestShow at ORIGIN_CLIENT_SHOW_SOFT_INPUT reason SHOW_SOFT_INPUT
04-07 18:23:36.615  8733  8733 D InputMethodManager: showSoftInput() view=android.widget.EditText{c0c5429 VFED..CL. .F.P.... 42,288-1038,406 #7f030002 app:id/editTextUserInput aid=1073741824} flags=0 reason=SHOW_SOFT_INPUT
04-07 18:23:36.653 19390 19390 I GoogleInputMethodService: GoogleInputMethodService.onStartInputView():2062 onStartInputView(EditorInfo{EditorInfo{packageName=com.example.android.testing.espresso.BasicSample, inputType=1, inputTypeString=Normal, enableLearning=true, autoCorrection=true, autoComplete=true, imeOptions=6, privateImeOptions=null, actionName=DONE, actionLabel=null, initialSelStart=0, initialSelEnd=0, initialCapsMode=3000, label=null, fieldId=2130903042, fieldName=null, extras=null, hintText=non-empty, hintLocales=[]}}, false)
04-07 18:23:36.663 19390 19390 I GoogleInputMethodService: GoogleInputMethodService.updateDeviceLockedStatus():2210 repeatCheckTimes = 1, locked = false
04-07 18:23:36.667 19390 19390 W ModuleManager: ModuleManager.loadModule():471 Module ljt is not available
04-07 18:23:36.698 19390 19390 I KeyboardHeightUtil: KeyboardHeightUtil.getOemKeyboardHeightRatio():210 systemKeyboardHeightRatio:1.000000.
04-07 18:23:36.720 19390 19390 I AndroidIME: AbstractIme.onActivate():89 LatinIme.onActivate() : EditorInfo = EditorInfo{packageName=com.example.android.testing.espresso.BasicSample, inputType=1, inputTypeString=Normal, enableLearning=true, autoCorrection=true, autoComplete=true, imeOptions=6, privateImeOptions=null, actionName=DONE, actionLabel=null, initialSelStart=0, initialSelEnd=0, initialCapsMode=3000, label=null, fieldId=2130903042, fieldName=null, extras=null, hintText=non-empty, hintLocales=[]}, IncognitoMode = false, DeviceLocked = false
04-07 18:23:36.722 19390 19390 I Delight5Facilitator: Delight5Facilitator.initializeForIme():746 initializeForIme() : Locale = [en_US], layout = qwerty
04-07 18:23:36.723 19390 19390 I VoiceInputHandler: VoiceInputHandler.onActivateIme():99 registering TalkbackStateListener
04-07 18:23:36.729 19390 19390 I VoiceInputManagerWrapper: VoiceInputManagerWrapper.cancelShutdown():102 cancelShutdown()
04-07 18:23:36.732 19390 19390 I VoiceInputManagerWrapper: VoiceInputManagerWrapper.syncLanguagePacks():114 syncLanguagePacks()
04-07 18:23:36.733 19390 19390 I LatinIme: LatinIme.updateEnableInlineSuggestionsOnDecoderSideFlags():1190 inline flag updated to:false
04-07 18:23:36.750 19390 20844 I SpeechFactory: SpeechRecognitionFactory.maybeScheduleAutoPackDownloadForFallback():200 maybeScheduleAutoPackDownloadForFallback()
04-07 18:23:36.751 19390 20844 I FallbackOnDeviceRecognitionProvider: FallbackOnDeviceRecognitionProvider.maybeScheduleAutoPackDownload():197 maybeScheduleAutoPackDownload() for language tag en-US
04-07 18:23:36.779 19390 19390 I InputBundle: InputBundle.consumeEvent():878 Skip consuming an event as keyboard status is 0
04-07 18:23:36.798 19390 19390 I KeyboardWrapper: KeyboardWrapper.activateKeyboard():572 activateKeyboard(): type=prime, status=0, imeDef=kpa{stringId=ime_english_united_states, language=en-US, languageTag=en-US, processedConditions={enable_number_row=false, device=phone}, className=com.google.android.apps.inputmethod.libs.latin5.LatinIme, label=0, keyEventInterpreter=null, inlineComposing=true, autoCapital=true, announceAutoSelectedCandidate=true, statusIcon=0, primeKeyboardType=SOFT, indicatorIcon=0, indicatorLabel=US, displayAppCompletions=true, extraValues=kos{}, processors=kqs@294ba5f, unacceptableMetaKeys=4098, languageSpecificSettings=0, asciiCapable=true, alwaysShowSuggestions=false, useAsciiPasswordKeyboard=false, secondaryIme=null, keyboardGroupDef=kqa@a6871a, phenotypeFlagId=0, localizationLanguageTag=null, supportsInlineSuggestion=true, supportsAccessPoints=true}
04-07 18:23:36.802 19390 19390 I KeyboardManager: KeyboardManager.requestKeyboard():234 Creating keyboard prime, imeId=ime_english_united_states, cacheKey=theme_border_stylesheet_noshadow_gsans_pillkey_silkpopup_light_phone_bottom4dp_navredesign
04-07 18:23:36.809 19390 19390 I KeyboardWrapper: KeyboardWrapper.onKeyboardReady():236 onKeyboardReady(): type=prime(prime), kb=com.google.android.apps.inputmethod.latin.keyboard.LatinPrimeKeyboard@faac541
04-07 18:23:36.809 19390 19390 I KeyboardWrapper: KeyboardWrapper.doActivateKeyboard():603 doActivateKeyboard(): prime
04-07 18:23:36.834 19390 19390 I KeyboardHeightUtil: KeyboardHeightUtil.calculateMaxKeyboardBodyHeight():45 leave 281 height for app when ime window height:2211, header height:116 and isFullscreenMode:false, so the max keyboard body height is:1814
04-07 18:23:36.835   883   959 D EGL_emulation: app_time_stats: avg=16.80ms min=1.18ms max=81.67ms count=43
04-07 18:23:36.861 19390 19390 W Keyboard: Keyboard.getKeyboardViewHelper():587 null helper is returned: keyboardDef=kpv{processedConditions={enable_more_candidates_view_for_multilingual=false, enable_secondary_symbols=false, variant=qwerty, language=en-US, device=phone, expressions=normal, show_secondary_digits=true, enable_preemptive_decode=true, rtl_layout=false}, globalConditions={global_theme_key=theme_border_stylesheet_noshadow_gsans_pillkey_silkpopup_light_phone_bottom4dp_navredesign, global_locale=en_US, global_density_dpi=420, global_orientation=1}, className=.latin.keyboard.LatinPrimeKeyboard, resourceIds=[#0x7f170665, #0x7f1708e2], initialStates=0, keyboardViewDefs=[kqj{direction=null, id=#0x7f0b0150, isScalable=true, layoutId=#0x7f0e03a9, type=BODY, touchable=true, defaultShow=true}, kqj{direction=null, id=#0x7f0b0150, isScalable=false, layoutId=#0x7f0e01b6, type=FLOATING_CANDIDATES, touchable=false, defaultShow=false}, kqj{direction=LOCALE, id=#0x7f0b0150, isScalable=false, layoutId=#0x7f0e059c, type=HEADER, touchable=true, defaultShow=true}], keyTextSizeRatio=1.0, persistentStates=0, persistentStatesPrefKey=null, popupBubbleLayoutId=#0x7f0e06ac, recentKeyLayoutId=0, recentKeyPopupLayoutId=0, recentKeyType=null, rememberRecentKey=NONE, sessionStates=17592186044419}, type=WIDGET, helpersCreated=[kec@760ec57, kec@e915344, kec@5d75c2d, null], context.getResources().getConfiguration(): {1.0 310mcc260mnc [en_US] ldltr sw411dp w411dp h866dp 420dpi nrml long port finger qwerty/v/v dpad/v winConfig={ mBounds=Rect(0, 0 - 1080, 2400) mAppBounds=Rect(0, 0 - 1080, 2337) mMaxBounds=Rect(0, 0 - 1080, 2400) mDisplayRotation=ROTATION_0 mWindowingMode=fullscreen mDisplayWindowingMode=fullscreen mActivityType=undefined mAlwaysOnTop=undefined mRotation=ROTATION_0} as.2 s.62 fontWeightAdjustment=0}
04-07 18:23:36.867 19390 19390 I KeyboardHeightUtil: KeyboardHeightUtil.calculateMaxKeyboardBodyHeight():45 leave 281 height for app when ime window height:2211, header height:116 and isFullscreenMode:false, so the max keyboard body height is:1814
04-07 18:23:36.868  8733  8769 D EGL_emulation: app_time_stats: avg=18.32ms min=3.73ms max=84.75ms count=37
04-07 18:23:36.896 19390 19390 I GoogleInputMethodService: GoogleInputMethodService.startInputIfInputViewStarted():3648 startInputIfInputViewStarted(): default prime
04-07 18:23:36.896 19390 19390 I KeyboardModeManager: KeyboardModeManager.setInputViewKeyboardViewHolderProvider():610 setInputView() : supportsOneHandedMode=true supportsSplitMode=true
04-07 18:23:36.909 19390 19390 I NormalModeController: NormalModeController.getKeyboardBodyViewHolderPaddingBottom():103 currentPrimeKeyboardType:SOFT systemPaddingBottom:-1
04-07 18:23:36.909 19390 19390 I KeyboardHeightUtil: KeyboardHeightUtil.calculateMaxKeyboardBodyHeight():45 leave 281 height for app when ime window height:2211, header height:116 and isFullscreenMode:false, so the max keyboard body height is:1814
04-07 18:23:36.909 19390 19390 I KeyboardHeightUtil: KeyboardHeightUtil.calculateMaxKeyboardBodyHeight():45 leave 281 height for app when ime window height:2211, header height:116 and isFullscreenMode:false, so the max keyboard body height is:1814
04-07 18:23:36.909 19390 19390 I KeyboardHeightUtil: KeyboardHeightUtil.calculateMaxKeyboardBodyHeight():45 leave 281 height for app when ime window height:2211, header height:116 and isFullscreenMode:false, so the max keyboard body height is:1814
04-07 18:23:36.909 19390 19390 I KeyboardHeightUtil: KeyboardHeightUtil.calculateMaxKeyboardBodyHeight():45 leave 281 height for app when ime window height:2211, header height:116 and isFullscreenMode:false, so the max keyboard body height is:1814
04-07 18:23:36.909 19390 19390 I NormalModeController: NormalModeController.getKeyboardBodyViewHolderPaddingBottom():103 currentPrimeKeyboardType:SOFT systemPaddingBottom:-1
04-07 18:23:36.909 19390 19390 I KeyboardModeManager: KeyboardModeManager.updateKeyboardPinStateIfNecessary():999 Unpin khz@d5ca46c from hinge
04-07 18:23:36.936 19390 19390 I KeyboardHeightUtil: KeyboardHeightUtil.calculateMaxKeyboardBodyHeight():45 leave 281 height for app when ime window height:2211, header height:116 and isFullscreenMode:false, so the max keyboard body height is:1814
04-07 18:23:36.950 19390 19390 I KeyboardHeightUtil: KeyboardHeightUtil.calculateMaxKeyboardBodyHeight():45 leave 281 height for app when ime window height:2211, header height:116 and isFullscreenMode:false, so the max keyboard body height is:1814
04-07 18:23:36.950 19390 19390 I KeyboardModeManager: KeyboardModeManager.setInputViewKeyboardViewHolderProvider():600 setInputView() : entry=jys{languageTag=en-US, variant=qwerty, hasLocalizedResources=true, conditionCacheKey=_device=phone_device_size=default_enable_more_candidates_view_for_multilingual=false_enable_nav_redesign_for_expression=true_enable_number_row=false_enable_preemptive_decode=true_enable_secondary_digits=true_enable_secondary_symbols=false_enable_show_foldable_layout_on_small_tablet=false_expressions=normal_four_or_more_letter_rows=false_keyboard_mode=normal_language=en-US_orientation=portrait_physical_keyboard=qwerty_rtl_layout=false_show_secondary_digits=true_show_suggestions=true_split_with_duplicate_keys=true_variant=qwerty, imeDef.stringId=ime_english_united_states, imeDef.className=com.google.android.apps.inputmethod.libs.latin5.LatinIme, imeDef.languageTag=en-US}
04-07 18:23:36.973 19390 19390 I CrowdsourceExtension: CrowdsourceExtension.checkIfDefaultBrowserIsAllowed():110 Failed to get default browser. The default browser may be deactived.
04-07 18:23:36.984 19390 19390 W AccessPointsManager: AccessPointsManager.removeAccessPoint():846 The holder controller #0x7f0b206c is not registered
04-07 18:23:36.985 19390 19390 I VoiceImeExtension: VoiceImeExtension.shouldStartVoiceInputAutomaticallyInCurrentInputBox():415 No private IME option set to start voice input.
04-07 18:23:37.020 19390 19390 I KeyboardHeightUtil: KeyboardHeightUtil.calculateMaxKeyboardBodyHeight():45 leave 281 height for app when ime window height:2211, header height:116 and isFullscreenMode:false, so the max keyboard body height is:1814
04-07 18:23:37.021 19390 19390 I WindowMetricsNotification: WindowMetricsNotification.notifyWithWindow():105
04-07 18:23:37.021 19390 19390 I WindowMetricsNotification: WindowMetricsNotification.notify():98 WindowMetricsNotification{bounds=Rect(0, 63 - 1080, 2400), insets=Rect(0, 0 - 0, 126), densityDpi=420, displayWidth=1080, displayHeight=2400, xdpi=420.0, ydpi=420.0}; DisplayMetrics{density=2.625, width=1080, height=2400, scaledDensity=2.625, xdpi=420.0, ydpi=420.0}
04-07 18:23:37.068 19390 20832 E OpenGLRenderer: Unable to match the desired swap behavior.
04-07 18:23:37.142  8733  8733 D UiControllerImpl: Injecting string: "GroupNine"
04-07 18:23:37.255  8733  8733 D InsetsController: show(ime(), fromIme=true)
04-07 18:23:37.256 19390 19390 W InputContextProxy: InputContextProxy.applyClientDiffInternal():939 Ignore [FetchSuggestions] diff due to stale request: 1748<1749, inputStateId=1740, lastInputStateId=1739
04-07 18:23:37.265 19390 19390 I GoogleInputMethodService: GoogleInputMethodService$1.onKeyboardViewShown():478 onKeyboardViewShown: keyboardType=prime, keyboardViewType=HEADER
04-07 18:23:37.265 19390 19390 I GoogleInputMethodService: GoogleInputMethodService$1.onKeyboardViewShown():478 onKeyboardViewShown: keyboardType=prime, keyboardViewType=BODY
04-07 18:23:37.266 19390 19390 I NewLanguagePromptExtension: NewLanguagePromptExtension$1.onKeyboardViewShown():99 Not show new language banner: no change in enabled input method entries
04-07 18:23:37.266 19390 19390 I NormalModeController: NormalModeController.getKeyboardBodyViewHolderPaddingBottom():103 currentPrimeKeyboardType:SOFT systemPaddingBottom:-1
04-07 18:23:37.272 19390 19469 I Delight5Decoder: Delight5DecoderWrapper.setKeyboardLayout():497 setKeyboardLayout()
04-07 18:23:37.304 19390 19390 I KeyboardHeightUtil: KeyboardHeightUtil.calculateMaxKeyboardBodyHeight():45 leave 281 height for app when ime window height:2211, header height:116 and isFullscreenMode:false, so the max keyboard body height is:1814
04-07 18:23:37.551  8733  8733 I ImeTracker: com.example.android.testing.espresso.BasicSample:ed08adb2: onShown
04-07 18:23:37.583 19390 19390 I KeyboardHeightUtil: KeyboardHeightUtil.calculateMaxKeyboardBodyHeight():45 leave 281 height for app when ime window height:2211, header height:116 and isFullscreenMode:false, so the max keyboard body height is:1814
04-07 18:23:37.767 19390 19390 I KeyboardHeightUtil: KeyboardHeightUtil.calculateMaxKeyboardBodyHeight():45 leave 281 height for app when ime window height:2211, header height:116 and isFullscreenMode:false, so the max keyboard body height is:1814
04-07 18:23:37.841   883   959 D EGL_emulation: app_time_stats: avg=39.16ms min=0.98ms max=288.49ms count=21
04-07 18:23:37.906  8733  8769 D EGL_emulation: app_time_stats: avg=126.37ms min=44.63ms max=348.37ms count=8
04-07 18:23:37.938 19390 19390 I KeyboardHeightUtil: KeyboardHeightUtil.calculateMaxKeyboardBodyHeight():45 leave 281 height for app when ime window height:2211, header height:116 and isFullscreenMode:false, so the max keyboard body height is:1814
04-07 18:23:38.050 19390 19390 I KeyboardHeightUtil: KeyboardHeightUtil.calculateMaxKeyboardBodyHeight():45 leave 281 height for app when ime window height:2211, header height:116 and isFullscreenMode:false, so the max keyboard body height is:1814
04-07 18:23:38.103 19390 19390 I KeyboardHeightUtil: KeyboardHeightUtil.calculateMaxKeyboardBodyHeight():45 leave 281 height for app when ime window height:2211, header height:116 and isFullscreenMode:false, so the max keyboard body height is:1814
04-07 18:23:38.173 19390 19390 I KeyboardHeightUtil: KeyboardHeightUtil.calculateMaxKeyboardBodyHeight():45 leave 281 height for app when ime window height:2211, header height:116 and isFullscreenMode:false, so the max keyboard body height is:1814
04-07 18:23:38.298 19390 19390 I KeyboardHeightUtil: KeyboardHeightUtil.calculateMaxKeyboardBodyHeight():45 leave 281 height for app when ime window height:2211, header height:116 and isFullscreenMode:false, so the max keyboard body height is:1814
04-07 18:23:38.339 19390 19390 I KeyboardHeightUtil: KeyboardHeightUtil.calculateMaxKeyboardBodyHeight():45 leave 281 height for app when ime window height:2211, header height:116 and isFullscreenMode:false, so the max keyboard body height is:1814
04-07 18:23:38.397 19390 20832 D EGL_emulation: app_time_stats: avg=95.29ms min=6.32ms max=190.87ms count=12
04-07 18:23:38.532 19390 19390 I KeyboardHeightUtil: KeyboardHeightUtil.calculateMaxKeyboardBodyHeight():45 leave 281 height for app when ime window height:2211, header height:116 and isFullscreenMode:false, so the max keyboard body height is:1814
04-07 18:23:38.654  8733  8733 I ViewInteraction: Performing 'close keyboard' action on view view.getId() is <2130903042/com.example.android.testing.espresso.BasicSample:id/editTextUserInput>
04-07 18:23:38.655 19390 19390 I KeyboardHeightUtil: KeyboardHeightUtil.calculateMaxKeyboardBodyHeight():45 leave 281 height for app when ime window height:2211, header height:116 and isFullscreenMode:false, so the max keyboard body height is:1814
04-07 18:23:38.674  8733  8733 D IdlingRegistry: Registering idling resources: [androidx.test.espresso.action.CloseKeyboardAction$CloseKeyboardIdlingResult@f7b0552]
04-07 18:23:38.697  8733  8733 I ImeTracker: com.example.android.testing.espresso.BasicSample:297657d0: onRequestHide at ORIGIN_CLIENT_HIDE_SOFT_INPUT reason HIDE_SOFT_INPUT
04-07 18:23:38.722 19390 19390 I GoogleInputMethodService: GoogleInputMethodService.onFinishInputView():2353
04-07 18:23:38.761 19390 19390 W TooltipLifecycleManager: TooltipLifecycleManager.dismissTooltips():172 Tooltip with id spell_check_add_to_dictionary not found in tooltipManager.
04-07 18:23:38.761  8733  8744 W sso.BasicSample: Cleared Reference was only reachable from finalizer (only reported once)
04-07 18:23:38.783 19390 19390 I InputBundle: InputBundle.consumeEvent():878 Skip consuming an event as keyboard status is 0
04-07 18:23:38.792 19390 19390 I VoiceInputHandler: VoiceInputHandler.onDeactivateIme():115 unregistering TalkbackStateListener
04-07 18:23:38.800 19390 19390 I VoiceInputManagerWrapper: VoiceInputManagerWrapper.shutdown():124 shutdown()
04-07 18:23:38.819 19390 19390 I AndroidIME: AbstractIme.onDeactivate():204 LatinIme.onDeactivate()
04-07 18:23:38.825  8733  8744 I sso.BasicSample: Background young concurrent copying GC freed 62921(2550KB) AllocSpace objects, 2(40KB) LOS objects, 45% free, 3052KB/5644KB, paused 8.694ms,58us total 147.249ms
04-07 18:23:38.825 19390 19449 I NebulaeTrainingCacheMetricsProcessor: NebulaeTrainingCacheMetricsProcessor.processEndSession():510 No input action collection in this session, skip logging.
04-07 18:23:38.833 19390 19390 W AccessPointsManager: AccessPointsManager.removeAccessPoint():846 The holder controller #0x7f0b206c is not registered
04-07 18:23:38.849  8733  8733 W WindowOnBackDispatcher: sendCancelIfRunning: isInProgress=falsecallback=ImeCallback=ImeOnBackInvokedCallback@218956194 Callback=android.window.IOnBackInvokedCallback$Stub$Proxy@120249e
04-07 18:23:38.889   883   959 D EGL_emulation: app_time_stats: avg=18.67ms min=1.20ms max=63.39ms count=38
04-07 18:23:39.075  8733  8733 I ImeTracker: com.example.android.testing.espresso.BasicSample:1bc39180: onRequestHide at ORIGIN_CLIENT_HIDE_SOFT_INPUT reason HIDE_SOFT_INPUT_BY_INSETS_API
04-07 18:23:39.093   529   971 I ImeTracker: com.example.android.testing.espresso.BasicSample:1bc39180: onCancelled at PHASE_SERVER_SHOULD_HIDE
04-07 18:23:39.094  8733  8733 I ImeTracker: com.example.android.testing.espresso.BasicSample:297657d0: onHidden
04-07 18:23:39.106   362  2907 D android.hardware.audio@7.1-impl.ranchu: threadLoop: entering standby, frames: 91632448
04-07 18:23:39.187  8733  8769 D EGL_emulation: app_time_stats: avg=160.12ms min=76.58ms max=568.14ms count=8
04-07 18:23:39.191  8733  8733 D IdlingRegistry: Unregistering idling resources: [androidx.test.espresso.action.CloseKeyboardAction$CloseKeyboardIdlingResult@f7b0552]
04-07 18:23:39.214  8733  8733 I ViewInteraction: Performing 'single click' action on view view.getId() is <2130903040/com.example.android.testing.espresso.BasicSample:id/activityChangeTextBtn>
04-07 18:23:39.501   410  7326 D audioserver: FGS Logger Transaction failed
04-07 18:23:39.501   410  7326 D audioserver: -129
04-07 18:23:39.553   414   414 I BpBinder: onLastStrongRef automatically unlinking death recipients:
04-07 18:23:39.573   410   478 D AudioFlinger: mixer(0x7c2dfefa6930) throttle end: throttle time(39)
04-07 18:23:39.590  8733  8733 D LifecycleMonitor: Lifecycle status change: com.example.android.testing.espresso.BasicSample.MainActivity@c9837c7 in: PAUSED
04-07 18:23:39.600  8733  8733 V ActivityScenario: Update currentActivityStage to PAUSED, currentActivity=com.example.android.testing.espresso.BasicSample.MainActivity@c9837c7
04-07 18:23:39.620   410   478 D AudioFlinger: mixer(0x7c2dfefa6930) throttle end: throttle time(21)
04-07 18:23:39.739   410   478 D audioserver: FGS Logger Transaction failed
04-07 18:23:39.739   410   478 D audioserver: -129
04-07 18:23:39.783  8733  8733 D LifecycleMonitor: Lifecycle status change: com.example.android.testing.espresso.BasicSample.ShowTextActivity@8e2976 in: PRE_ON_CREATE
04-07 18:23:39.784  8733  8733 V ActivityScenario: Activity lifecycle changed event received but ignored because the intent does not match. startActivityIntent=Intent { act=android.intent.action.MAIN cat=[android.intent.category.LAUNCHER] flg=0x10008000 cmp=com.example.android.testing.espresso.BasicSample/.MainActivity }, activity.getIntent()=Intent { cmp=com.example.android.testing.espresso.BasicSample/.ShowTextActivity (has extras) }, activity=com.example.android.testing.espresso.BasicSample.ShowTextActivity@8e2976
04-07 18:23:39.855  8733  8733 D LifecycleMonitor: Lifecycle status change: com.example.android.testing.espresso.BasicSample.ShowTextActivity@8e2976 in: CREATED
04-07 18:23:39.855  8733  8733 V ActivityScenario: Activity lifecycle changed event received but ignored because the intent does not match. startActivityIntent=Intent { act=android.intent.action.MAIN cat=[android.intent.category.LAUNCHER] flg=0x10008000 cmp=com.example.android.testing.espresso.BasicSample/.MainActivity }, activity.getIntent()=Intent { cmp=com.example.android.testing.espresso.BasicSample/.ShowTextActivity (has extras) }, activity=com.example.android.testing.espresso.BasicSample.ShowTextActivity@8e2976
04-07 18:23:39.885  8733  8733 D LifecycleMonitor: Lifecycle status change: com.example.android.testing.espresso.BasicSample.ShowTextActivity@8e2976 in: STARTED
04-07 18:23:39.886  8733  8733 V ActivityScenario: Activity lifecycle changed event received but ignored because the intent does not match. startActivityIntent=Intent { act=android.intent.action.MAIN cat=[android.intent.category.LAUNCHER] flg=0x10008000 cmp=com.example.android.testing.espresso.BasicSample/.MainActivity }, activity.getIntent()=Intent { cmp=com.example.android.testing.espresso.BasicSample/.ShowTextActivity (has extras) }, activity=com.example.android.testing.espresso.BasicSample.ShowTextActivity@8e2976
04-07 18:23:39.916  8733  8733 D LifecycleMonitor: Lifecycle status change: com.example.android.testing.espresso.BasicSample.ShowTextActivity@8e2976 in: RESUMED
04-07 18:23:39.918  8733  8733 V ActivityScenario: Activity lifecycle changed event received but ignored because the intent does not match. startActivityIntent=Intent { act=android.intent.action.MAIN cat=[android.intent.category.LAUNCHER] flg=0x10008000 cmp=com.example.android.testing.espresso.BasicSample/.MainActivity }, activity.getIntent()=Intent { cmp=com.example.android.testing.espresso.BasicSample/.ShowTextActivity (has extras) }, activity=com.example.android.testing.espresso.BasicSample.ShowTextActivity@8e2976
04-07 18:23:39.960   883   959 D EGL_emulation: app_time_stats: avg=25.41ms min=1.05ms max=73.23ms count=31
04-07 18:23:40.105  8733  8769 E OpenGLRenderer: Unable to match the desired swap behavior.
04-07 18:23:40.206   529   559 I ActivityTaskManager: Displayed com.example.android.testing.espresso.BasicSample/.ShowTextActivity for user 0: +780ms
04-07 18:23:40.220  8733  8769 D EGL_emulation: app_time_stats: avg=27.15ms min=2.13ms max=82.70ms count=30
04-07 18:23:40.555  8733  8733 D RootViewPicker: Root not ready - waiting: 10ms for one to appear.
04-07 18:23:40.577  8733  8733 D RootViewPicker: Root not ready - waiting: 25ms for one to appear.
04-07 18:23:40.610  8733  8733 D RootViewPicker: Root not ready - waiting: 50ms for one to appear.
04-07 18:23:40.637   529   971 I ImeTracker: com.example.android.testing.espresso.BasicSample:3a621f1f: onRequestHide at ORIGIN_SERVER_HIDE_INPUT reason HIDE_UNSPECIFIED_WINDOW
04-07 18:23:40.639   529   971 I ImeTracker: com.example.android.testing.espresso.BasicSample:3a621f1f: onCancelled at PHASE_SERVER_SHOULD_HIDE
04-07 18:23:40.663 19390 19390 I GoogleInputMethodService: GoogleInputMethodService.onFinishInput():3096
04-07 18:23:40.687 19390 19390 I GoogleInputMethodService: GoogleInputMethodService.updateDeviceLockedStatus():2210 repeatCheckTimes = 0, locked = false
04-07 18:23:40.702 19390 19390 I GoogleInputMethodService: GoogleInputMethodService.onStartInput():1950 onStartInput(EditorInfo{EditorInfo{packageName=com.example.android.testing.espresso.BasicSample, inputType=0, inputTypeString=NULL, enableLearning=false, autoCorrection=false, autoComplete=false, imeOptions=0, privateImeOptions=null, actionName=UNSPECIFIED, actionLabel=null, initialSelStart=-1, initialSelEnd=-1, initialCapsMode=0, label=null, fieldId=0, fieldName=null, extras=null, hintText=null, hintLocales=[]}}, false)
04-07 18:23:40.726 19390 19390 I GoogleInputMethodService: GoogleInputMethodService.updateDeviceLockedStatus():2210 repeatCheckTimes = 1, locked = false
04-07 18:23:40.731 19390 19390 I AndroidIME: InputBundleManager.loadActiveInputBundleId():450 loadActiveInputBundleId: und-Latn-x-password, password
04-07 18:23:40.761  8733  8733 I ViewInteraction: Checking 'MatchesViewAssertion{viewMatcher=an instance of android.widget.TextView and view.getText() with or without transformation to match: is "GroupNine"}' assertion on view view.getId() is <2130903043/com.example.android.testing.espresso.BasicSample:id/show_text_view>
04-07 18:23:40.761 19390 19390 W NotificationCenter: NotificationCenter$ListenerData.notifyOnExecutor():672 Heavy notify work detected on UI thread: |kbw->jet| takes 27ms
04-07 18:23:40.793  8733  8733 I ViewInteraction: Performing 'send keyCode: 4, metaState: 0 key event' action on view view.getRootView() to equal view
04-07 18:23:40.882  8733  8733 D LifecycleMonitor: Lifecycle status change: com.example.android.testing.espresso.BasicSample.ShowTextActivity@8e2976 in: PAUSED
04-07 18:23:40.888  8733  8733 V ActivityScenario: Activity lifecycle changed event received but ignored because the intent does not match. startActivityIntent=Intent { act=android.intent.action.MAIN cat=[android.intent.category.LAUNCHER] flg=0x10008000 cmp=com.example.android.testing.espresso.BasicSample/.MainActivity }, activity.getIntent()=Intent { cmp=com.example.android.testing.espresso.BasicSample/.ShowTextActivity (has extras) }, activity=com.example.android.testing.espresso.BasicSample.ShowTextActivity@8e2976
04-07 18:23:40.945  8733  8733 D LifecycleMonitor: Lifecycle status change: com.example.android.testing.espresso.BasicSample.MainActivity@c9837c7 in: RESUMED
04-07 18:23:40.945  8733  8733 V ActivityScenario: Update currentActivityStage to RESUMED, currentActivity=com.example.android.testing.espresso.BasicSample.MainActivity@c9837c7
04-07 18:23:40.967 17621 17734 W TimedProcessReaper: Memory state is: 125
04-07 18:23:40.967 17621 17734 D TimedProcessReaper: Attempted to reap process, but was too important
04-07 18:23:41.029   529  1615 I ImeTracker: com.example.android.testing.espresso.BasicSample:4effefe6: onRequestHide at ORIGIN_SERVER_HIDE_INPUT reason HIDE_UNSPECIFIED_WINDOW
04-07 18:23:41.035   529  1615 I ImeTracker: com.example.android.testing.espresso.BasicSample:4effefe6: onCancelled at PHASE_SERVER_SHOULD_HIDE
04-07 18:23:41.059 19390 19390 I GoogleInputMethodService: GoogleInputMethodService.onFinishInput():3096
04-07 18:23:41.080 19390 19390 I GoogleInputMethodService: GoogleInputMethodService.updateDeviceLockedStatus():2210 repeatCheckTimes = 0, locked = false
04-07 18:23:41.080 19390 19390 I GoogleInputMethodService: GoogleInputMethodService.onStartInput():1950 onStartInput(EditorInfo{EditorInfo{packageName=com.example.android.testing.espresso.BasicSample, inputType=1, inputTypeString=Normal, enableLearning=true, autoCorrection=true, autoComplete=true, imeOptions=6, privateImeOptions=null, actionName=DONE, actionLabel=null, initialSelStart=9, initialSelEnd=9, initialCapsMode=0, label=null, fieldId=2130903042, fieldName=null, extras=null, hintText=non-empty, hintLocales=[]}}, false)
04-07 18:23:41.110 19390 19390 I GoogleInputMethodService: GoogleInputMethodService.updateDeviceLockedStatus():2210 repeatCheckTimes = 1, locked = false
04-07 18:23:41.111 19390 19390 I AndroidIME: InputBundleManager.loadActiveInputBundleId():450 loadActiveInputBundleId: en-US, ime_english_united_states
04-07 18:23:41.239  8733  8769 D EGL_emulation: app_time_stats: avg=84.38ms min=2.91ms max=734.91ms count=11
04-07 18:23:41.938  8733  8733 D LifecycleMonitor: Lifecycle status change: com.example.android.testing.espresso.BasicSample.ShowTextActivity@8e2976 in: STOPPED
04-07 18:23:41.939  8733  8733 V ActivityScenario: Activity lifecycle changed event received but ignored because the intent does not match. startActivityIntent=Intent { act=android.intent.action.MAIN cat=[android.intent.category.LAUNCHER] flg=0x10008000 cmp=com.example.android.testing.espresso.BasicSample/.MainActivity }, activity.getIntent()=Intent { cmp=com.example.android.testing.espresso.BasicSample/.ShowTextActivity (has extras) }, activity=com.example.android.testing.espresso.BasicSample.ShowTextActivity@8e2976
04-07 18:23:41.956  8733  8733 D LifecycleMonitor: Lifecycle status change: com.example.android.testing.espresso.BasicSample.ShowTextActivity@8e2976 in: DESTROYED
04-07 18:23:41.959  8733  8733 V ActivityScenario: Activity lifecycle changed event received but ignored because the intent does not match. startActivityIntent=Intent { act=android.intent.action.MAIN cat=[android.intent.category.LAUNCHER] flg=0x10008000 cmp=com.example.android.testing.espresso.BasicSample/.MainActivity }, activity.getIntent()=Intent { cmp=com.example.android.testing.espresso.BasicSample/.ShowTextActivity (has extras) }, activity=com.example.android.testing.espresso.BasicSample.ShowTextActivity@8e2976
04-07 18:23:41.959  8733  8733 W WindowOnBackDispatcher: sendCancelIfRunning: isInProgress=falsecallback=android.view.ViewRootImpl$$ExternalSyntheticLambda17@c4a3e14
04-07 18:23:42.006   529   554 W InputManager-JNI: Input channel object '2429da5 com.example.android.testing.espresso.BasicSample/com.example.android.testing.espresso.BasicSample.ShowTextActivity (client)' was disposed without first being removed with the input manager!
04-07 18:23:42.027  8733  8733 W KeyEventActionBase: Back was pressed and left the application in an inconsistent state even after 600ms.
04-07 18:23:42.039  8733  8733 I ViewInteraction: Performing 'replace text()' action on view view.getId() is <2130903042/com.example.android.testing.espresso.BasicSample:id/editTextUserInput>
04-07 18:23:42.111 19390 19390 I GoogleInputMethodService: GoogleInputMethodService.onStartInput():1950 onStartInput(EditorInfo{EditorInfo{packageName=com.example.android.testing.espresso.BasicSample, inputType=1, inputTypeString=Normal, enableLearning=true, autoCorrection=true, autoComplete=true, imeOptions=6, privateImeOptions=null, actionName=DONE, actionLabel=null, initialSelStart=0, initialSelEnd=0, initialCapsMode=3000, label=null, fieldId=2130903042, fieldName=null, extras=null, hintText=non-empty, hintLocales=[]}}, true)
04-07 18:23:42.136 19390 19390 I GoogleInputMethodService: GoogleInputMethodService.updateDeviceLockedStatus():2210 repeatCheckTimes = 1, locked = false
04-07 18:23:42.136 19390 19390 W SessionManager: SessionManager.beginSession():53 Try to begin an already begun session [INPUT_SESSION], end it first
04-07 18:23:42.136 19390 19390 I AndroidIME: InputBundleManager.loadActiveInputBundleId():450 loadActiveInputBundleId: en-US, ime_english_united_states
04-07 18:23:42.298  8733  8733 D LifecycleMonitor: Lifecycle status change: com.example.android.testing.espresso.BasicSample.MainActivity@c9837c7 in: PAUSED
04-07 18:23:42.298  8733  8733 V ActivityScenario: Update currentActivityStage to PAUSED, currentActivity=com.example.android.testing.espresso.BasicSample.MainActivity@c9837c7
04-07 18:23:42.352   414   414 I BpBinder: onLastStrongRef automatically unlinking death recipients:
04-07 18:23:42.360   357   357 D Zygote  : Forked child process 8820
04-07 18:23:42.379  8820  8820 I asicSample.test: Late-enabling -Xcheck:jni
04-07 18:23:42.425  8820  8820 I asicSample.test: Using CollectorTypeCC GC.
04-07 18:23:42.426  8820  8820 W asicSample.test: Unexpected CPU variant for x86: x86_64.
04-07 18:23:42.426  8820  8820 W asicSample.test: Known variants: atom, sandybridge, silvermont, goldmont, goldmont-plus, tremont, kabylake, default
04-07 18:23:42.455   883   959 E OpenGLRenderer: Unable to match the desired swap behavior.
04-07 18:23:42.561  8733  8769 D EGL_emulation: app_time_stats: avg=113.62ms min=9.00ms max=430.81ms count=11
04-07 18:23:42.611  2229  2250 I adbd    : jdwp connection from 8820
04-07 18:23:42.639   362  2907 D android.hardware.audio@7.1-impl.ranchu: threadLoop: entering standby, frames: 91776064
04-07 18:23:42.791   883   959 D EGL_emulation: app_time_stats: avg=19560.09ms min=19560.09ms max=19560.09ms count=1
04-07 18:23:42.905  8820  8820 D CompatibilityChangeReporter: Compat change id reported: 171979766; UID 10199; state: ENABLED
04-07 18:23:42.906  8820  8820 D CompatibilityChangeReporter: Compat change id reported: 242716250; UID 10199; state: DISABLED
04-07 18:23:43.111  8820  8820 D ApplicationLoaders: Returning zygote-cached class loader: /system/framework/android.test.base.jar
04-07 18:23:43.158  8820  8820 D nativeloader: Configuring clns-6 for other apk /system/framework/android.test.mock.jar. target_sdk_version=32, uses_libraries=ALL, library_path=/data/app/~~mhcewNoKHVREAiW37N9GuA==/com.example.android.testing.espresso.BasicSample.test-K6fXkT0svH3_zc52NbYcyA==/lib/x86_64, permitted_path=/data:/mnt/expand:/data/user/0/com.example.android.testing.espresso.BasicSample.test
04-07 18:23:43.203  8820  8820 D ApplicationLoaders: Returning zygote-cached class loader: /system/framework/android.test.base.jar
