04-07 18:23:18.327  8733  8767 I TestRunner: started: validateEditText(com.example.android.testing.espresso.BasicSample.MainActivityTest)
04-07 18:23:18.403  8733  8767 W Settings: Setting always_finish_activities has moved from android.provider.Settings.System to android.provider.Settings.Global, returning read-only value.
04-07 18:23:18.645   414   414 I BpBinder: onLastStrongRef automatically unlinking death recipients:
04-07 18:23:18.694  1141  2073 D EGL_emulation: app_time_stats: avg=2597.79ms min=2597.79ms max=2597.79ms count=1
04-07 18:23:18.699  8733  8733 D LifecycleMonitor: Lifecycle status change: com.example.android.testing.espresso.BasicSample.MainActivity@c9837c7 in: PRE_ON_CREATE
04-07 18:23:18.699  8733  8733 V ActivityScenario: Activity lifecycle changed event received but ignored because the reported transition was not ON_CREATE while the last known transition was PRE_ON_CREATE
04-07 18:23:18.719 18228 18228 I A       : onPause
04-07 18:23:18.738  8733  8771 D libEGL  : loaded /vendor/lib64/egl/libEGL_emulation.so
04-07 18:23:18.748   883   959 E OpenGLRenderer: Unable to match the desired swap behavior.
04-07 18:23:18.760  8733  8771 D libEGL  : loaded /vendor/lib64/egl/libGLESv1_CM_emulation.so
04-07 18:23:18.805  8733  8771 D libEGL  : loaded /vendor/lib64/egl/libGLESv2_emulation.so
04-07 18:23:18.901  8733  8733 D CompatibilityChangeReporter: Compat change id reported: 210923482; UID 10195; state: DISABLED
04-07 18:23:18.901  8733  8733 D CompatibilityChangeReporter: Compat change id reported: 37756858; UID 10195; state: ENABLED
04-07 18:23:18.998  8733  8733 D LifecycleMonitor: Lifecycle status change: com.example.android.testing.espresso.BasicSample.MainActivity@c9837c7 in: CREATED
04-07 18:23:19.008  8733  8733 V ActivityScenario: Update currentActivityStage to CREATED, currentActivity=com.example.android.testing.espresso.BasicSample.MainActivity@c9837c7
04-07 18:23:19.010  8733  8733 D LifecycleMonitor: Lifecycle status change: com.example.android.testing.espresso.BasicSample.MainActivity@c9837c7 in: STARTED
04-07 18:23:19.016  8733  8733 V ActivityScenario: Update currentActivityStage to STARTED, currentActivity=com.example.android.testing.espresso.BasicSample.MainActivity@c9837c7
04-07 18:23:19.051  8733  8733 D LifecycleMonitor: Lifecycle status change: com.example.android.testing.espresso.BasicSample.MainActivity@c9837c7 in: RESUMED
04-07 18:23:19.053  8733  8733 V ActivityScenario: Update currentActivityStage to RESUMED, currentActivity=com.example.android.testing.espresso.BasicSample.MainActivity@c9837c7
04-07 18:23:19.078  8733  8733 D CompatibilityChangeReporter: Compat change id reported: 237531167; UID 10195; state: DISABLED
04-07 18:23:19.098  8733  8733 W OpenGLRenderer: Unknown dataspace 0
04-07 18:23:19.140 18228 18502 V ClearcutMetricXmitter: Transmission is done.
04-07 18:23:19.235  8733  8769 W OpenGLRenderer: Failed to choose config with EGL_SWAP_BEHAVIOR_PRESERVED, retrying without...
04-07 18:23:19.235  8733  8769 W OpenGLRenderer: Failed to initialize 101010-2 format, error = EGL_SUCCESS
04-07 18:23:19.299   154   154 I hwservicemanager: getTransport: Cannot find entry android.hardware.graphics.mapper@4.0::IMapper/default in either framework or device VINTF manifest.
04-07 18:23:19.299  8733  8769 I Gralloc4: mapper 4.x is not supported
04-07 18:23:19.361  8733  8769 E OpenGLRenderer: Unable to match the desired swap behavior.
04-07 18:23:19.520   529   559 W ziparchive: Unable to open '/data/app/~~6RUHVQ7LTW2Zpr_WdB4NJg==/com.example.android.testing.espresso.BasicSample--5fdK4NGAF-vQP1w9ba76Q==/base.dm': No such file or directory
04-07 18:23:19.551   529   559 I ActivityTaskManager: Displayed com.example.android.testing.espresso.BasicSample/.MainActivity for user 0: +1s62ms
04-07 18:23:19.629   529  1285 I ImeTracker: com.example.android.testing.espresso.BasicSample:5fd3c4bc: onRequestHide at ORIGIN_SERVER_HIDE_INPUT reason HIDE_UNSPECIFIED_WINDOW
04-07 18:23:19.630   529  1285 I ImeTracker: com.example.android.testing.espresso.BasicSample:5fd3c4bc: onCancelled at PHASE_SERVER_SHOULD_HIDE
04-07 18:23:19.678 19390 19390 I GoogleInputMethodService: GoogleInputMethodService.onFinishInput():3096
04-07 18:23:19.719 19390 19390 W NotificationCenter: NotificationCenter$ListenerData.notifyOnExecutor():672 Heavy notify work detected on UI thread: |kbw->img| takes 37ms
04-07 18:23:19.719  8577  8577 I AidlLazyServiceRegistrar: Process has 0 (of 1 available) client(s) in use after notification artd has clients: 0
04-07 18:23:19.719  8577  8577 I AidlLazyServiceRegistrar: Trying to shut down the service. No clients in use for any service in process.
04-07 18:23:19.743  8577  8577 I AidlLazyServiceRegistrar: Unregistered all clients and exiting
04-07 18:23:19.761 19390 19390 I GoogleInputMethodService: GoogleInputMethodService.updateDeviceLockedStatus():2210 repeatCheckTimes = 0, locked = false
04-07 18:23:19.761 19390 19390 I GoogleInputMethodService: GoogleInputMethodService.onStartInput():1950 onStartInput(EditorInfo{EditorInfo{packageName=com.example.android.testing.espresso.BasicSample, inputType=0, inputTypeString=NULL, enableLearning=false, autoCorrection=false, autoComplete=false, imeOptions=0, privateImeOptions=null, actionName=UNSPECIFIED, actionLabel=null, initialSelStart=-1, initialSelEnd=-1, initialCapsMode=0, label=null, fieldId=0, fieldName=null, extras=null, hintText=null, hintLocales=[]}}, false)
04-07 18:23:19.769 19390 19390 I GoogleInputMethodService: GoogleInputMethodService.updateDeviceLockedStatus():2210 repeatCheckTimes = 1, locked = false
04-07 18:23:19.773 19390 19390 I AndroidIME: InputBundleManager.loadActiveInputBundleId():450 loadActiveInputBundleId: und-Latn-x-password, password
04-07 18:23:19.863  1141  2378 D OneSearchSuggestProvider: Shut down the binder channel
04-07 18:23:19.862 18228 18228 I A       : onStop
04-07 18:23:19.892  1141  1172 I ImeTracker: com.google.android.apps.nexuslauncher:cc11daac: onRequestHide at ORIGIN_CLIENT_HIDE_SOFT_INPUT reason HIDE_SOFT_INPUT
04-07 18:23:19.893  1141  1172 I ImeTracker: com.google.android.apps.nexuslauncher:cc11daac: onFailed at PHASE_CLIENT_VIEW_SERVED
04-07 18:23:19.926  1141  1293 I IPCThreadState: oneway function results for code 2 on binder at 0x7d21a7aebfa0 will be dropped but finished with status UNKNOWN_TRANSACTION
04-07 18:23:19.952   883   934 W WindowOnBackDispatcher: sendCancelIfRunning: isInProgress=falsecallback=android.view.ViewRootImpl$$ExternalSyntheticLambda17@8593927
04-07 18:23:19.966   529  1964 W InputManager-JNI: Input channel object 'd610333 Splash Screen com.example.android.testing.espresso.BasicSample (client)' was disposed without first being removed with the input manager!
04-07 18:23:20.038  8733  8767 W FileTestStorage: Output properties is not supported.
04-07 18:23:20.054  8733  8767 I Tracing : Tracer added: class androidx.test.platform.tracing.AndroidXTracer
04-07 18:23:20.093  8733  8767 D CompatibilityChangeReporter: Compat change id reported: 247079863; UID 10195; state: DISABLED
04-07 18:23:20.188  8733  8767 D EventInjectionStrategy: Creating injection strategy with input manager.
04-07 18:23:20.188  8733  8767 W sso.BasicSample: Accessing hidden method Landroid/hardware/input/InputManager;->getInstance()Landroid/hardware/input/InputManager; (unsupported, reflection, allowed)
04-07 18:23:20.188  8733  8767 W sso.BasicSample: Accessing hidden method Landroid/hardware/input/InputManager;->injectInputEvent(Landroid/view/InputEvent;I)Z (unsupported, reflection, allowed)
04-07 18:23:20.188  8733  8767 W sso.BasicSample: Accessing hidden field Landroid/hardware/input/InputManager;->INJECT_INPUT_EVENT_MODE_WAIT_FOR_FINISH:I (unsupported, reflection, allowed)
04-07 18:23:20.229  8733  8767 W sso.BasicSample: Accessing hidden method Landroid/view/ViewConfiguration;->getDoubleTapMinTime()I (unsupported, reflection, allowed)
04-07 18:23:20.264  8733  8733 W sso.BasicSample: Accessing hidden method Landroid/os/MessageQueue;->next()Landroid/os/Message; (unsupported, reflection, allowed)
04-07 18:23:20.265  8733  8733 W sso.BasicSample: Accessing hidden field Landroid/os/MessageQueue;->mMessages:Landroid/os/Message; (unsupported, reflection, allowed)
04-07 18:23:20.267  8733  8733 W sso.BasicSample: Accessing hidden method Landroid/os/Message;->recycleUnchecked()V (unsupported, reflection, allowed)
04-07 18:23:20.351  8733  8733 I ViewInteraction: Performing 'type text(123)' action on view view.getId() is <2130903042/com.example.android.testing.espresso.BasicSample:id/editTextUserInput>
04-07 18:23:20.486 19390 19390 I GoogleInputMethodService: GoogleInputMethodService.onFinishInput():3096
04-07 18:23:20.486  8733  8733 D CompatibilityChangeReporter: Compat change id reported: 163400105; UID 10195; state: ENABLED
04-07 18:23:20.506  8733  8733 I ImeTracker: com.example.android.testing.espresso.BasicSample:69626ccc: onRequestShow at ORIGIN_CLIENT_SHOW_SOFT_INPUT reason SHOW_SOFT_INPUT
04-07 18:23:20.506 19390 19390 I GoogleInputMethodService: GoogleInputMethodService.updateDeviceLockedStatus():2210 repeatCheckTimes = 0, locked = false
04-07 18:23:20.510  8733  8733 D InputMethodManager: showSoftInput() view=android.widget.EditText{c0c5429 VFED..CL. .F.P..ID 42,288-1038,406 #7f030002 app:id/editTextUserInput aid=1073741824} flags=0 reason=SHOW_SOFT_INPUT
04-07 18:23:20.510 19390 19390 W AccessPointsManager: AccessPointsManager.removeAccessPoint():846 The holder controller #0x7f0b206c is not registered
04-07 18:23:20.538 19390 19390 I GoogleInputMethodService: GoogleInputMethodService.onStartInput():1950 onStartInput(EditorInfo{EditorInfo{packageName=com.example.android.testing.espresso.BasicSample, inputType=1, inputTypeString=Normal, enableLearning=true, autoCorrection=true, autoComplete=true, imeOptions=6, privateImeOptions=null, actionName=DONE, actionLabel=null, initialSelStart=0, initialSelEnd=0, initialCapsMode=0, label=null, fieldId=2130903042, fieldName=null, extras=null, hintText=non-empty, hintLocales=[]}}, false)
04-07 18:23:20.549 19390 19390 I GoogleInputMethodService: GoogleInputMethodService.updateDeviceLockedStatus():2210 repeatCheckTimes = 1, locked = false
04-07 18:23:20.564 19390 19390 I AndroidIME: InputBundleManager.loadActiveInputBundleId():450 loadActiveInputBundleId: en-US, ime_english_united_states
04-07 18:23:20.590 19390 19390 I GoogleInputMethodService: GoogleInputMethodService.onStartInputView():2062 onStartInputView(EditorInfo{EditorInfo{packageName=com.example.android.testing.espresso.BasicSample, inputType=1, inputTypeString=Normal, enableLearning=true, autoCorrection=true, autoComplete=true, imeOptions=6, privateImeOptions=null, actionName=DONE, actionLabel=null, initialSelStart=0, initialSelEnd=0, initialCapsMode=0, label=null, fieldId=2130903042, fieldName=null, extras=null, hintText=non-empty, hintLocales=[]}}, false)
04-07 18:23:20.605 19390 19390 I GoogleInputMethodService: GoogleInputMethodService.updateDeviceLockedStatus():2210 repeatCheckTimes = 1, locked = false
04-07 18:23:20.615 19390 19390 W ModuleManager: ModuleManager.loadModule():471 Module ljt is not available
04-07 18:23:20.625  8733  8769 D EGL_emulation: app_time_stats: avg=134.99ms min=9.40ms max=617.83ms count=8
04-07 18:23:20.638 19390 19390 I KeyboardHeightUtil: KeyboardHeightUtil.getOemKeyboardHeightRatio():210 systemKeyboardHeightRatio:1.000000.
04-07 18:23:20.639 19390 19390 I AndroidIME: AbstractIme.onActivate():89 LatinIme.onActivate() : EditorInfo = EditorInfo{packageName=com.example.android.testing.espresso.BasicSample, inputType=1, inputTypeString=Normal, enableLearning=true, autoCorrection=true, autoComplete=true, imeOptions=6, privateImeOptions=null, actionName=DONE, actionLabel=null, initialSelStart=0, initialSelEnd=0, initialCapsMode=0, label=null, fieldId=2130903042, fieldName=null, extras=null, hintText=non-empty, hintLocales=[]}, IncognitoMode = false, DeviceLocked = false
04-07 18:23:20.639  8733  8733 I AssistStructure: Flattened final assist data: 1540 bytes, containing 1 windows, 6 views
04-07 18:23:20.641 19390 19390 I Delight5Facilitator: Delight5Facilitator.initializeForIme():746 initializeForIme() : Locale = [en_US], layout = qwerty
04-07 18:23:20.646 19390 19390 I VoiceInputHandler: VoiceInputHandler.onActivateIme():99 registering TalkbackStateListener
04-07 18:23:20.646 19390 19390 I VoiceInputManagerWrapper: VoiceInputManagerWrapper.cancelShutdown():102 cancelShutdown()
04-07 18:23:20.647 19390 19390 I VoiceInputManagerWrapper: VoiceInputManagerWrapper.syncLanguagePacks():114 syncLanguagePacks()
04-07 18:23:20.664 19390 19390 I LatinIme: LatinIme.updateEnableInlineSuggestionsOnDecoderSideFlags():1190 inline flag updated to:false
04-07 18:23:20.676 19390 20844 I SpeechFactory: SpeechRecognitionFactory.maybeScheduleAutoPackDownloadForFallback():200 maybeScheduleAutoPackDownloadForFallback()
04-07 18:23:20.677 19390 20844 I FallbackOnDeviceRecognitionProvider: FallbackOnDeviceRecognitionProvider.maybeScheduleAutoPackDownload():197 maybeScheduleAutoPackDownload() for language tag en-US
04-07 18:23:20.701 19390 19390 I InputBundle: InputBundle.consumeEvent():878 Skip consuming an event as keyboard status is 0
04-07 18:23:20.743 19390 19390 I KeyboardWrapper: KeyboardWrapper.activateKeyboard():572 activateKeyboard(): type=prime, status=0, imeDef=kpa{stringId=ime_english_united_states, language=en-US, languageTag=en-US, processedConditions={enable_number_row=false, device=phone}, className=com.google.android.apps.inputmethod.libs.latin5.LatinIme, label=0, keyEventInterpreter=null, inlineComposing=true, autoCapital=true, announceAutoSelectedCandidate=true, statusIcon=0, primeKeyboardType=SOFT, indicatorIcon=0, indicatorLabel=US, displayAppCompletions=true, extraValues=kos{}, processors=kqs@294ba5f, unacceptableMetaKeys=4098, languageSpecificSettings=0, asciiCapable=true, alwaysShowSuggestions=false, useAsciiPasswordKeyboard=false, secondaryIme=null, keyboardGroupDef=kqa@a6871a, phenotypeFlagId=0, localizationLanguageTag=null, supportsInlineSuggestion=true, supportsAccessPoints=true}
04-07 18:23:20.749 19390 19390 I KeyboardManager: KeyboardManager.requestKeyboard():234 Creating keyboard prime, imeId=ime_english_united_states, cacheKey=theme_border_stylesheet_noshadow_gsans_pillkey_silkpopup_light_phone_bottom4dp_navredesign
04-07 18:23:20.769 19390 19390 I KeyboardWrapper: KeyboardWrapper.onKeyboardReady():236 onKeyboardReady(): type=prime(prime), kb=com.google.android.apps.inputmethod.latin.keyboard.LatinPrimeKeyboard@faac541
04-07 18:23:20.769 19390 19390 I KeyboardWrapper: KeyboardWrapper.doActivateKeyboard():603 doActivateKeyboard(): prime
04-07 18:23:20.777 19390 19390 I KeyboardHeightUtil: KeyboardHeightUtil.calculateMaxKeyboardBodyHeight():45 leave 281 height for app when ime window height:2211, header height:116 and isFullscreenMode:false, so the max keyboard body height is:1814
04-07 18:23:20.783 19390 19390 W Keyboard: Keyboard.getKeyboardViewHelper():587 null helper is returned: keyboardDef=kpv{processedConditions={enable_more_candidates_view_for_multilingual=false, enable_secondary_symbols=false, variant=qwerty, language=en-US, device=phone, expressions=normal, show_secondary_digits=true, enable_preemptive_decode=true, rtl_layout=false}, globalConditions={global_theme_key=theme_border_stylesheet_noshadow_gsans_pillkey_silkpopup_light_phone_bottom4dp_navredesign, global_locale=en_US, global_density_dpi=420, global_orientation=1}, className=.latin.keyboard.LatinPrimeKeyboard, resourceIds=[#0x7f170665, #0x7f1708e2], initialStates=0, keyboardViewDefs=[kqj{direction=null, id=#0x7f0b0150, isScalable=true, layoutId=#0x7f0e03a9, type=BODY, touchable=true, defaultShow=true}, kqj{direction=null, id=#0x7f0b0150, isScalable=false, layoutId=#0x7f0e01b6, type=FLOATING_CANDIDATES, touchable=false, defaultShow=false}, kqj{direction=LOCALE, id=#0x7f0b0150, isScalable=false, layoutId=#0x7f0e059c, type=HEADER, touchable=true, defaultShow=true}], keyTextSizeRatio=1.0, persistentStates=0, persistentStatesPrefKey=null, popupBubbleLayoutId=#0x7f0e06ac, recentKeyLayoutId=0, recentKeyPopupLayoutId=0, recentKeyType=null, rememberRecentKey=NONE, sessionStates=17592186044419}, type=WIDGET, helpersCreated=[kec@760ec57, kec@e915344, kec@5d75c2d, null], context.getResources().getConfiguration(): {1.0 310mcc260mnc [en_US] ldltr sw411dp w411dp h866dp 420dpi nrml long port finger qwerty/v/v dpad/v winConfig={ mBounds=Rect(0, 0 - 1080, 2400) mAppBounds=Rect(0, 0 - 1080, 2337) mMaxBounds=Rect(0, 0 - 1080, 2400) mDisplayRotation=ROTATION_0 mWindowingMode=fullscreen mDisplayWindowingMode=fullscreen mActivityType=undefined mAlwaysOnTop=undefined mRotation=ROTATION_0} as.2 s.62 fontWeightAdjustment=0}
04-07 18:23:20.789 19390 19390 I KeyboardHeightUtil: KeyboardHeightUtil.calculateMaxKeyboardBodyHeight():45 leave 281 height for app when ime window height:2211, header height:116 and isFullscreenMode:false, so the max keyboard body height is:1814
04-07 18:23:20.806 19390 19390 I GoogleInputMethodService: GoogleInputMethodService.startInputIfInputViewStarted():3648 startInputIfInputViewStarted(): default prime
04-07 18:23:20.807 19390 19390 I KeyboardModeManager: KeyboardModeManager.setInputViewKeyboardViewHolderProvider():610 setInputView() : supportsOneHandedMode=true supportsSplitMode=true
04-07 18:23:20.813 19390 19390 I NormalModeController: NormalModeController.getKeyboardBodyViewHolderPaddingBottom():103 currentPrimeKeyboardType:SOFT systemPaddingBottom:-1
04-07 18:23:20.813 19390 19390 I KeyboardHeightUtil: KeyboardHeightUtil.calculateMaxKeyboardBodyHeight():45 leave 281 height for app when ime window height:2211, header height:116 and isFullscreenMode:false, so the max keyboard body height is:1814
04-07 18:23:20.813 19390 19390 I KeyboardHeightUtil: KeyboardHeightUtil.calculateMaxKeyboardBodyHeight():45 leave 281 height for app when ime window height:2211, header height:116 and isFullscreenMode:false, so the max keyboard body height is:1814
04-07 18:23:20.824 19390 19390 I KeyboardHeightUtil: KeyboardHeightUtil.calculateMaxKeyboardBodyHeight():45 leave 281 height for app when ime window height:2211, header height:116 and isFullscreenMode:false, so the max keyboard body height is:1814
04-07 18:23:20.835 19390 19390 I KeyboardHeightUtil: KeyboardHeightUtil.calculateMaxKeyboardBodyHeight():45 leave 281 height for app when ime window height:2211, header height:116 and isFullscreenMode:false, so the max keyboard body height is:1814
04-07 18:23:20.847 19390 19390 I NormalModeController: NormalModeController.getKeyboardBodyViewHolderPaddingBottom():103 currentPrimeKeyboardType:SOFT systemPaddingBottom:-1
04-07 18:23:20.847 19390 19390 I KeyboardModeManager: KeyboardModeManager.updateKeyboardPinStateIfNecessary():999 Unpin khz@d5ca46c from hinge
04-07 18:23:20.847 19390 19390 I KeyboardHeightUtil: KeyboardHeightUtil.calculateMaxKeyboardBodyHeight():45 leave 281 height for app when ime window height:2211, header height:116 and isFullscreenMode:false, so the max keyboard body height is:1814
04-07 18:23:20.847 19390 19390 I KeyboardHeightUtil: KeyboardHeightUtil.calculateMaxKeyboardBodyHeight():45 leave 281 height for app when ime window height:2211, header height:116 and isFullscreenMode:false, so the max keyboard body height is:1814
04-07 18:23:20.848 19390 19390 I KeyboardModeManager: KeyboardModeManager.setInputViewKeyboardViewHolderProvider():600 setInputView() : entry=jys{languageTag=en-US, variant=qwerty, hasLocalizedResources=true, conditionCacheKey=_device=phone_device_size=default_enable_more_candidates_view_for_multilingual=false_enable_nav_redesign_for_expression=true_enable_number_row=false_enable_preemptive_decode=true_enable_secondary_digits=true_enable_secondary_symbols=false_enable_show_foldable_layout_on_small_tablet=false_expressions=normal_four_or_more_letter_rows=false_keyboard_mode=normal_language=en-US_orientation=portrait_physical_keyboard=qwerty_rtl_layout=false_show_secondary_digits=true_show_suggestions=true_split_with_duplicate_keys=true_variant=qwerty, imeDef.stringId=ime_english_united_states, imeDef.className=com.google.android.apps.inputmethod.libs.latin5.LatinIme, imeDef.languageTag=en-US}
04-07 18:23:20.848 18981 18981 W AutofillChimeraService: Pending fill request while another request in the same session was triggered. [CONTEXT service_id=177 ]
04-07 18:23:20.878 19162 19162 D BoundBrokerSvc: onBind: Intent { act=com.google.android.mdd.service.START dat=chimera-action:/... cmp=com.google.android.gms/.chimera.GmsBoundBrokerService }
04-07 18:23:20.878 19162 19162 D BoundBrokerSvc: Loading bound service for intent: Intent { act=com.google.android.mdd.service.START dat=chimera-action:/... cmp=com.google.android.gms/.chimera.GmsBoundBrokerService }
04-07 18:23:20.911  1474  1474 V InlineSuggestionRenderService: handleDestroySuggestionViews called for 0:1728312404
04-07 18:23:20.920 19390 19390 I CrowdsourceExtension: CrowdsourceExtension.checkIfDefaultBrowserIsAllowed():110 Failed to get default browser. The default browser may be deactived.
04-07 18:23:20.933 19390 19390 W AccessPointsManager: AccessPointsManager.removeAccessPoint():846 The holder controller #0x7f0b206c is not registered
04-07 18:23:20.936 19390 19390 I VoiceImeExtension: VoiceImeExtension.shouldStartVoiceInputAutomaticallyInCurrentInputBox():415 No private IME option set to start voice input.
04-07 18:23:20.936 18981 19012 I IPCThreadState: oneway function results for code 1 on binder at 0x7d21a7aecff0 will be dropped but finished with status UNKNOWN_TRANSACTION and reply parcel size 80
04-07 18:23:20.963 19162 19162 D BoundBrokerSvc: onBind: Intent { act=com.google.firebase.dynamiclinks.service.START pkg=com.google.android.gms }
04-07 18:23:20.963 19162 19162 D BoundBrokerSvc: Loading bound service for intent: Intent { act=com.google.firebase.dynamiclinks.service.START pkg=com.google.android.gms }
04-07 18:23:20.990 19390 19390 I KeyboardHeightUtil: KeyboardHeightUtil.calculateMaxKeyboardBodyHeight():45 leave 281 height for app when ime window height:2211, header height:116 and isFullscreenMode:false, so the max keyboard body height is:1814
04-07 18:23:20.991 19390 19390 I WindowMetricsNotification: WindowMetricsNotification.notifyWithWindow():105
04-07 18:23:20.991 19390 19390 I WindowMetricsNotification: WindowMetricsNotification.notify():98 WindowMetricsNotification{bounds=Rect(0, 63 - 1080, 2400), insets=Rect(0, 0 - 0, 126), densityDpi=420, displayWidth=1080, displayHeight=2400, xdpi=420.0, ydpi=420.0}; DisplayMetrics{density=2.625, width=1080, height=2400, scaledDensity=2.625, xdpi=420.0, ydpi=420.0}
04-07 18:23:21.020 19390 20832 E OpenGLRenderer: Unable to match the desired swap behavior.
04-07 18:23:21.207  8733  8733 D UiControllerImpl: Injecting string: "123"
04-07 18:23:21.257 19390 19390 I GoogleInputMethodService: GoogleInputMethodService$1.onKeyboardViewShown():478 onKeyboardViewShown: keyboardType=prime, keyboardViewType=HEADER
04-07 18:23:21.258 19390 19390 I GoogleInputMethodService: GoogleInputMethodService$1.onKeyboardViewShown():478 onKeyboardViewShown: keyboardType=prime, keyboardViewType=BODY
04-07 18:23:21.267 19390 19390 I NewLanguagePromptExtension: NewLanguagePromptExtension$1.onKeyboardViewShown():99 Not show new language banner: no change in enabled input method entries
04-07 18:23:21.299 19390 19390 I NormalModeController: NormalModeController.getKeyboardBodyViewHolderPaddingBottom():103 currentPrimeKeyboardType:SOFT systemPaddingBottom:-1
04-07 18:23:21.300 19390 19469 I Delight5Decoder: Delight5DecoderWrapper.setKeyboardLayout():497 setKeyboardLayout()
04-07 18:23:21.395  8733  8733 D InsetsController: show(ime(), fromIme=true)
04-07 18:23:21.478 19390 19390 W AndroidSpellCheckerService: AndroidSpellCheckerService.initialize():73 initialize...
04-07 18:23:21.478 19390 19390 I ShortcutsDataManager: ShortcutsDataManager.onContentChanged():72 onContentChanged()
04-07 18:23:21.478 19390 19390 I ContactsDataManager: ContactsDataManager.onContentChanged():159 onContentChanged()
04-07 18:23:21.478 19390 19390 W AndroidSpellCheckerService: AndroidSpellCheckerService.initialize():83 initialize...done
04-07 18:23:21.508 19390 21712 I AndroidSpellCheckerService: AndroidSpellCheckerService.createSession():139 com.google.android.keyboard.client.delight5.LanguageIdentifier@88ac803 is created
04-07 18:23:21.623   883   959 D EGL_emulation: app_time_stats: avg=5522.13ms min=18.78ms max=27109.79ms count=5
04-07 18:23:21.654  8733  8769 D EGL_emulation: app_time_stats: avg=205.87ms min=80.02ms max=482.74ms count=5
04-07 18:23:21.681  8733  8733 I ImeTracker: com.example.android.testing.espresso.BasicSample:69626ccc: onShown
04-07 18:23:21.754  8733  8733 I ViewInteraction: Performing 'close keyboard' action on view view.getId() is <2130903042/com.example.android.testing.espresso.BasicSample:id/editTextUserInput>
04-07 18:23:21.768  8733  8733 D IdlingRegistry: Registering idling resources: [androidx.test.espresso.action.CloseKeyboardAction$CloseKeyboardIdlingResult@d28e6e]
04-07 18:23:21.768  8733  8733 I ImeTracker: com.example.android.testing.espresso.BasicSample:7332314d: onRequestHide at ORIGIN_CLIENT_HIDE_SOFT_INPUT reason HIDE_SOFT_INPUT
04-07 18:23:21.803 19390 19390 I GoogleInputMethodService: GoogleInputMethodService.onFinishInputView():2353
04-07 18:23:21.839 19390 19390 W TooltipLifecycleManager: TooltipLifecycleManager.dismissTooltips():172 Tooltip with id spell_check_add_to_dictionary not found in tooltipManager.
04-07 18:23:21.859 19390 19390 I InputBundle: InputBundle.consumeEvent():878 Skip consuming an event as keyboard status is 0
04-07 18:23:21.862 19390 19390 I VoiceInputHandler: VoiceInputHandler.onDeactivateIme():115 unregistering TalkbackStateListener
04-07 18:23:21.865 19390 19390 I VoiceInputManagerWrapper: VoiceInputManagerWrapper.shutdown():124 shutdown()
04-07 18:23:21.882 19390 19390 I AndroidIME: AbstractIme.onDeactivate():204 LatinIme.onDeactivate()
04-07 18:23:21.889 19390 19449 I NebulaeTrainingCacheMetricsProcessor: NebulaeTrainingCacheMetricsProcessor.processEndSession():510 No input action collection in this session, skip logging.
04-07 18:23:21.915 19390 19390 W NotificationCenter: NotificationCenter$ListenerData.notifyOnExecutor():672 Heavy notify work detected on UI thread: |kbw->ime| takes 25ms
04-07 18:23:21.916 19390 19390 W AccessPointsManager: AccessPointsManager.removeAccessPoint():846 The holder controller #0x7f0b206c is not registered
04-07 18:23:21.961 19390 19390 I KeyboardHeightUtil: KeyboardHeightUtil.calculateMaxKeyboardBodyHeight():45 leave 281 height for app when ime window height:2211, header height:116 and isFullscreenMode:false, so the max keyboard body height is:1814
04-07 18:23:21.972  8733  8733 W WindowOnBackDispatcher: sendCancelIfRunning: isInProgress=falsecallback=ImeCallback=ImeOnBackInvokedCallback@218956194 Callback=android.window.IOnBackInvokedCallback$Stub$Proxy@831a3a5
04-07 18:23:22.257  8733  8733 I ImeTracker: com.example.android.testing.espresso.BasicSample:7b5ec0fa: onRequestHide at ORIGIN_CLIENT_HIDE_SOFT_INPUT reason HIDE_SOFT_INPUT_BY_INSETS_API
04-07 18:23:22.259   529  2013 I ImeTracker: com.example.android.testing.espresso.BasicSample:7b5ec0fa: onCancelled at PHASE_SERVER_SHOULD_HIDE
04-07 18:23:22.266  8733  8733 I ImeTracker: com.example.android.testing.espresso.BasicSample:7332314d: onHidden
04-07 18:23:22.289  8733  8733 D IdlingRegistry: Unregistering idling resources: [androidx.test.espresso.action.CloseKeyboardAction$CloseKeyboardIdlingResult@d28e6e]
04-07 18:23:22.319  8733  8733 I ViewInteraction: Performing 'single click' action on view view.getId() is <2130903041/com.example.android.testing.espresso.BasicSample:id/changeTextBt>
04-07 18:23:22.483   410   447 D audioserver: FGS Logger Transaction failed
04-07 18:23:22.492   410   447 D audioserver: -129
04-07 18:23:22.518   410   478 D AudioFlinger: mixer(0x7c2dfefa6930) throttle end: throttle time(24)
04-07 18:23:22.650   883   959 D EGL_emulation: app_time_stats: avg=18.20ms min=0.94ms max=49.68ms count=39
04-07 18:23:22.670  8733  8769 D EGL_emulation: app_time_stats: avg=73.58ms min=2.28ms max=496.80ms count=13
04-07 18:23:22.693   410   478 D audioserver: FGS Logger Transaction failed
04-07 18:23:22.693   410   478 D audioserver: -129
04-07 18:23:22.898  8733  8733 I ViewInteraction: Checking 'MatchesViewAssertion{viewMatcher=an instance of android.widget.TextView and view.getText() with or without transformation to match: is "123"}' assertion on view view.getId() is <2130903044/com.example.android.testing.espresso.BasicSample:id/textToBeChanged>
04-07 18:23:22.941  8733  8733 I ViewInteraction: Performing 'replace text()' action on view view.getId() is <2130903042/com.example.android.testing.espresso.BasicSample:id/editTextUserInput>
04-07 18:23:23.085 19390 19390 I GoogleInputMethodService: GoogleInputMethodService.onStartInput():1950 onStartInput(EditorInfo{EditorInfo{packageName=com.example.android.testing.espresso.BasicSample, inputType=1, inputTypeString=Normal, enableLearning=true, autoCorrection=true, autoComplete=true, imeOptions=6, privateImeOptions=null, actionName=DONE, actionLabel=null, initialSelStart=0, initialSelEnd=0, initialCapsMode=3000, label=null, fieldId=2130903042, fieldName=null, extras=null, hintText=non-empty, hintLocales=[]}}, true)
04-07 18:23:23.110 19390 19390 I GoogleInputMethodService: GoogleInputMethodService.updateDeviceLockedStatus():2210 repeatCheckTimes = 1, locked = false
04-07 18:23:23.125 19390 19390 W SessionManager: SessionManager.beginSession():53 Try to begin an already begun session [INPUT_SESSION], end it first
04-07 18:23:23.126 19390 19390 I AndroidIME: InputBundleManager.loadActiveInputBundleId():450 loadActiveInputBundleId: en-US, ime_english_united_states
04-07 18:23:23.156  8733  8733 I ViewInteraction: Performing 'type text(123)' action on view view.getId() is <2130903042/com.example.android.testing.espresso.BasicSample:id/editTextUserInput>
04-07 18:23:23.157 19390 19390 I ShortcutsDataManager: AbstractContentDataManager.startImportContentTask():240 startImportContentTask()
04-07 18:23:23.162 19390 19471 I ShortcutsDataManager: AbstractContentDataManager$ImportContentTask.doInBackground():255 doInBackground()
04-07 18:23:23.171 19390 19471 I PersonalDictionaryDataHandler: PersonalDictionaryDataHandler.beginProcess():114 LanguageTags = [en-US]
04-07 18:23:23.191   883   883 D StatusBarIconController: ignoring old pipeline callbacks, because the new mobile icons are enabled
04-07 18:23:23.230   883   959 D EGL_emulation: app_time_stats: avg=20066.42ms min=20066.42ms max=20066.42ms count=1
04-07 18:23:23.466  8733  8733 I ImeTracker: com.example.android.testing.espresso.BasicSample:2ca1d677: onRequestShow at ORIGIN_CLIENT_SHOW_SOFT_INPUT reason SHOW_SOFT_INPUT
04-07 18:23:23.467  8733  8733 D InputMethodManager: showSoftInput() view=android.widget.EditText{c0c5429 VFED..CL. .F.P.... 42,288-1038,406 #7f030002 app:id/editTextUserInput aid=1073741824} flags=0 reason=SHOW_SOFT_INPUT
04-07 18:23:23.562 19390 19471 I ShortcutsDataManager: AbstractContentDataManager.importRecords():345 importRecords() : Success : Count = 0
04-07 18:23:23.575 19390 19390 I GoogleInputMethodService: GoogleInputMethodService.onStartInputView():2062 onStartInputView(EditorInfo{EditorInfo{packageName=com.example.android.testing.espresso.BasicSample, inputType=1, inputTypeString=Normal, enableLearning=true, autoCorrection=true, autoComplete=true, imeOptions=6, privateImeOptions=null, actionName=DONE, actionLabel=null, initialSelStart=0, initialSelEnd=0, initialCapsMode=3000, label=null, fieldId=2130903042, fieldName=null, extras=null, hintText=non-empty, hintLocales=[]}}, false)
04-07 18:23:23.587 19390 19390 I GoogleInputMethodService: GoogleInputMethodService.updateDeviceLockedStatus():2210 repeatCheckTimes = 1, locked = false
04-07 18:23:23.595 19390 19390 W ModuleManager: ModuleManager.loadModule():471 Module ljt is not available
04-07 18:23:23.647 19390 19471 I ShortcutsDataManager: AbstractContentDataManager.importContentData():295 importContentData() : Ending import process
04-07 18:23:23.659 19390 19469 I Delight5Decoder: Delight5DecoderWrapper.unloadLanguageModel():929 unloadLanguageModel() : 4, version [n/a]
04-07 18:23:23.704   883   959 D EGL_emulation: app_time_stats: avg=43.31ms min=1.14ms max=131.47ms count=20
04-07 18:23:23.742 19390 19390 W InputConnectionWrapper: InputConnectionWrapper.recordDuration():1578 IPC IC_GET_SURROUNDING_TEXT took 137 ms
04-07 18:23:23.854 19390 19390 I KeyboardHeightUtil: KeyboardHeightUtil.getOemKeyboardHeightRatio():210 systemKeyboardHeightRatio:1.000000.
04-07 18:23:23.874  8733  8733 D UiControllerImpl: Injecting string: "123"
04-07 18:23:23.875 19390 19390 I AndroidIME: AbstractIme.onActivate():89 LatinIme.onActivate() : EditorInfo = EditorInfo{packageName=com.example.android.testing.espresso.BasicSample, inputType=1, inputTypeString=Normal, enableLearning=true, autoCorrection=true, autoComplete=true, imeOptions=6, privateImeOptions=null, actionName=DONE, actionLabel=null, initialSelStart=0, initialSelEnd=0, initialCapsMode=3000, label=null, fieldId=2130903042, fieldName=null, extras=null, hintText=non-empty, hintLocales=[]}, IncognitoMode = false, DeviceLocked = false
04-07 18:23:23.875 19390 19471 I PersonalLanguageModelUpdater: PersonalLanguageModelUpdater$UpdateOperation.performInternal():165 run() : Added 0 words and 0 shortcuts
04-07 18:23:23.880 19390 19471 I DynamicLanguageModelOperation: DynamicLanguageModelOperation.perform():43 perform() : 4 : dvr : Completed
04-07 18:23:23.880 19390 19390 I Delight5Facilitator: Delight5Facilitator.initializeForIme():746 initializeForIme() : Locale = [en_US], layout = qwerty
04-07 18:23:23.895 19390 19390 I VoiceInputHandler: VoiceInputHandler.onActivateIme():99 registering TalkbackStateListener
04-07 18:23:23.897 19390 19390 I VoiceInputManagerWrapper: VoiceInputManagerWrapper.cancelShutdown():102 cancelShutdown()
04-07 18:23:23.897 19390 19390 I VoiceInputManagerWrapper: VoiceInputManagerWrapper.syncLanguagePacks():114 syncLanguagePacks()
04-07 18:23:23.905 19390 19390 I LatinIme: LatinIme.updateEnableInlineSuggestionsOnDecoderSideFlags():1190 inline flag updated to:false
04-07 18:23:23.934 19390 19469 I Delight5Decoder: Delight5DecoderWrapper.loadLanguageModel():717 loadLanguageModel() : 4, version [n/a]
04-07 18:23:23.945 19390 19469 I Delight5Decoder: Delight5DecoderWrapper.loadLanguageModel():758 Loaded dynamic LM 4.en
04-07 18:23:23.945 19390 20844 I SpeechFactory: SpeechRecognitionFactory.maybeScheduleAutoPackDownloadForFallback():200 maybeScheduleAutoPackDownloadForFallback()
04-07 18:23:23.945 19390 20844 I FallbackOnDeviceRecognitionProvider: FallbackOnDeviceRecognitionProvider.maybeScheduleAutoPackDownload():197 maybeScheduleAutoPackDownload() for language tag en-US
04-07 18:23:23.946 19390 19390 I InputBundle: InputBundle.consumeEvent():878 Skip consuming an event as keyboard status is 0
04-07 18:23:23.961 19390 19390 I KeyboardWrapper: KeyboardWrapper.activateKeyboard():572 activateKeyboard(): type=prime, status=0, imeDef=kpa{stringId=ime_english_united_states, language=en-US, languageTag=en-US, processedConditions={enable_number_row=false, device=phone}, className=com.google.android.apps.inputmethod.libs.latin5.LatinIme, label=0, keyEventInterpreter=null, inlineComposing=true, autoCapital=true, announceAutoSelectedCandidate=true, statusIcon=0, primeKeyboardType=SOFT, indicatorIcon=0, indicatorLabel=US, displayAppCompletions=true, extraValues=kos{}, processors=kqs@294ba5f, unacceptableMetaKeys=4098, languageSpecificSettings=0, asciiCapable=true, alwaysShowSuggestions=false, useAsciiPasswordKeyboard=false, secondaryIme=null, keyboardGroupDef=kqa@a6871a, phenotypeFlagId=0, localizationLanguageTag=null, supportsInlineSuggestion=true, supportsAccessPoints=true}
04-07 18:23:23.975 19390 19390 I KeyboardManager: KeyboardManager.requestKeyboard():234 Creating keyboard prime, imeId=ime_english_united_states, cacheKey=theme_border_stylesheet_noshadow_gsans_pillkey_silkpopup_light_phone_bottom4dp_navredesign
04-07 18:23:24.010 19390 19390 I KeyboardWrapper: KeyboardWrapper.onKeyboardReady():236 onKeyboardReady(): type=prime(prime), kb=com.google.android.apps.inputmethod.latin.keyboard.LatinPrimeKeyboard@faac541
04-07 18:23:24.015 19390 19390 I KeyboardWrapper: KeyboardWrapper.doActivateKeyboard():603 doActivateKeyboard(): prime
04-07 18:23:24.043 19390 19390 I KeyboardHeightUtil: KeyboardHeightUtil.calculateMaxKeyboardBodyHeight():45 leave 281 height for app when ime window height:2211, header height:116 and isFullscreenMode:false, so the max keyboard body height is:1814
04-07 18:23:24.063 19390 19390 W Keyboard: Keyboard.getKeyboardViewHelper():587 null helper is returned: keyboardDef=kpv{processedConditions={enable_more_candidates_view_for_multilingual=false, enable_secondary_symbols=false, variant=qwerty, language=en-US, device=phone, expressions=normal, show_secondary_digits=true, enable_preemptive_decode=true, rtl_layout=false}, globalConditions={global_theme_key=theme_border_stylesheet_noshadow_gsans_pillkey_silkpopup_light_phone_bottom4dp_navredesign, global_locale=en_US, global_density_dpi=420, global_orientation=1}, className=.latin.keyboard.LatinPrimeKeyboard, resourceIds=[#0x7f170665, #0x7f1708e2], initialStates=0, keyboardViewDefs=[kqj{direction=null, id=#0x7f0b0150, isScalable=true, layoutId=#0x7f0e03a9, type=BODY, touchable=true, defaultShow=true}, kqj{direction=null, id=#0x7f0b0150, isScalable=false, layoutId=#0x7f0e01b6, type=FLOATING_CANDIDATES, touchable=false, defaultShow=false}, kqj{direction=LOCALE, id=#0x7f0b0150, isScalable=false, layoutId=#0x7f0e059c, type=HEADER, touchable=true, defaultShow=true}], keyTextSizeRatio=1.0, persistentStates=0, persistentStatesPrefKey=null, popupBubbleLayoutId=#0x7f0e06ac, recentKeyLayoutId=0, recentKeyPopupLayoutId=0, recentKeyType=null, rememberRecentKey=NONE, sessionStates=17592186044419}, type=WIDGET, helpersCreated=[kec@760ec57, kec@e915344, kec@5d75c2d, null], context.getResources().getConfiguration(): {1.0 310mcc260mnc [en_US] ldltr sw411dp w411dp h866dp 420dpi nrml long port finger qwerty/v/v dpad/v winConfig={ mBounds=Rect(0, 0 - 1080, 2400) mAppBounds=Rect(0, 0 - 1080, 2337) mMaxBounds=Rect(0, 0 - 1080, 2400) mDisplayRotation=ROTATION_0 mWindowingMode=fullscreen mDisplayWindowingMode=fullscreen mActivityType=undefined mAlwaysOnTop=undefined mRotation=ROTATION_0} as.2 s.62 fontWeightAdjustment=0}
04-07 18:23:24.084 19390 19390 I KeyboardHeightUtil: KeyboardHeightUtil.calculateMaxKeyboardBodyHeight():45 leave 281 height for app when ime window height:2211, header height:116 and isFullscreenMode:false, so the max keyboard body height is:1814
04-07 18:23:24.116 19390 19390 I GoogleInputMethodService: GoogleInputMethodService.startInputIfInputViewStarted():3648 startInputIfInputViewStarted(): default prime
04-07 18:23:24.116 19390 19390 I KeyboardModeManager: KeyboardModeManager.setInputViewKeyboardViewHolderProvider():610 setInputView() : supportsOneHandedMode=true supportsSplitMode=true
04-07 18:23:24.118 19390 19390 I NormalModeController: NormalModeController.getKeyboardBodyViewHolderPaddingBottom():103 currentPrimeKeyboardType:SOFT systemPaddingBottom:-1
04-07 18:23:24.119 19390 19390 I KeyboardHeightUtil: KeyboardHeightUtil.calculateMaxKeyboardBodyHeight():45 leave 281 height for app when ime window height:2211, header height:116 and isFullscreenMode:false, so the max keyboard body height is:1814
04-07 18:23:24.119 19390 19390 I KeyboardHeightUtil: KeyboardHeightUtil.calculateMaxKeyboardBodyHeight():45 leave 281 height for app when ime window height:2211, header height:116 and isFullscreenMode:false, so the max keyboard body height is:1814
04-07 18:23:24.120 19390 19390 I KeyboardHeightUtil: KeyboardHeightUtil.calculateMaxKeyboardBodyHeight():45 leave 281 height for app when ime window height:2211, header height:116 and isFullscreenMode:false, so the max keyboard body height is:1814
04-07 18:23:24.120 19390 19390 I KeyboardHeightUtil: KeyboardHeightUtil.calculateMaxKeyboardBodyHeight():45 leave 281 height for app when ime window height:2211, header height:116 and isFullscreenMode:false, so the max keyboard body height is:1814
04-07 18:23:24.120 19390 19390 I NormalModeController: NormalModeController.getKeyboardBodyViewHolderPaddingBottom():103 currentPrimeKeyboardType:SOFT systemPaddingBottom:-1
04-07 18:23:24.127 19390 19390 I KeyboardModeManager: KeyboardModeManager.updateKeyboardPinStateIfNecessary():999 Unpin khz@d5ca46c from hinge
04-07 18:23:24.130 19390 19390 I KeyboardHeightUtil: KeyboardHeightUtil.calculateMaxKeyboardBodyHeight():45 leave 281 height for app when ime window height:2211, header height:116 and isFullscreenMode:false, so the max keyboard body height is:1814
04-07 18:23:24.140 19390 19390 I KeyboardHeightUtil: KeyboardHeightUtil.calculateMaxKeyboardBodyHeight():45 leave 281 height for app when ime window height:2211, header height:116 and isFullscreenMode:false, so the max keyboard body height is:1814
04-07 18:23:24.159 19390 19390 I KeyboardModeManager: KeyboardModeManager.setInputViewKeyboardViewHolderProvider():600 setInputView() : entry=jys{languageTag=en-US, variant=qwerty, hasLocalizedResources=true, conditionCacheKey=_device=phone_device_size=default_enable_more_candidates_view_for_multilingual=false_enable_nav_redesign_for_expression=true_enable_number_row=false_enable_preemptive_decode=true_enable_secondary_digits=true_enable_secondary_symbols=false_enable_show_foldable_layout_on_small_tablet=false_expressions=normal_four_or_more_letter_rows=false_keyboard_mode=normal_language=en-US_orientation=portrait_physical_keyboard=qwerty_rtl_layout=false_show_secondary_digits=true_show_suggestions=true_split_with_duplicate_keys=true_variant=qwerty, imeDef.stringId=ime_english_united_states, imeDef.className=com.google.android.apps.inputmethod.libs.latin5.LatinIme, imeDef.languageTag=en-US}
04-07 18:23:24.187  8733  8769 D EGL_emulation: app_time_stats: avg=62.09ms min=2.04ms max=547.64ms count=22
04-07 18:23:24.210  8795  8795 I artd    : Starting artd
04-07 18:23:24.221  8795  8795 I AidlLazyServiceRegistrar: Registering service artd
04-07 18:23:24.249 19390 19390 I CrowdsourceExtension: CrowdsourceExtension.checkIfDefaultBrowserIsAllowed():110 Failed to get default browser. The default browser may be deactived.
04-07 18:23:24.261 19390 19390 W AccessPointsManager: AccessPointsManager.removeAccessPoint():846 The holder controller #0x7f0b206c is not registered
04-07 18:23:24.276 19390 19390 I VoiceImeExtension: VoiceImeExtension.shouldStartVoiceInputAutomaticallyInCurrentInputBox():415 No private IME option set to start voice input.
04-07 18:23:24.299 19390 19390 I Choreographer: Skipped 43 frames!  The application may be doing too much work on its main thread.
04-07 18:23:24.350  8795  8796 I AidlLazyServiceRegistrar: Process has 1 (of 1 available) client(s) in use after notification artd has clients: 1
04-07 18:23:24.351 19390 19390 I KeyboardHeightUtil: KeyboardHeightUtil.calculateMaxKeyboardBodyHeight():45 leave 281 height for app when ime window height:2211, header height:116 and isFullscreenMode:false, so the max keyboard body height is:1814
04-07 18:23:24.354 19390 19390 I WindowMetricsNotification: WindowMetricsNotification.notifyWithWindow():105
04-07 18:23:24.357 19390 19390 I WindowMetricsNotification: WindowMetricsNotification.notify():98 WindowMetricsNotification{bounds=Rect(0, 63 - 1080, 2400), insets=Rect(0, 0 - 0, 126), densityDpi=420, displayWidth=1080, displayHeight=2400, xdpi=420.0, ydpi=420.0}; DisplayMetrics{density=2.625, width=1080, height=2400, scaledDensity=2.625, xdpi=420.0, ydpi=420.0}
04-07 18:23:24.387 19390 20832 E OpenGLRenderer: Unable to match the desired swap behavior.
04-07 18:23:24.506  8795  8798 W ziparchive: Unable to open '/data/user_de/0/com.google.android.gms/app_chimera/m/00000013/CronetDynamite.dm': No such file or directory
04-07 18:23:24.506  8795  8798 W ziparchive: Unable to open '/data/user_de/0/com.google.android.gms/app_chimera/m/00000013/CronetDynamite.dm': No such file or directory
04-07 18:23:24.560  8795  8798 W ziparchive: Unable to open '/data/user_de/0/com.google.android.gms/app_chimera/m/00000004/DynamiteModulesC.dm': No such file or directory
04-07 18:23:24.560  8795  8798 W ziparchive: Unable to open '/data/user_de/0/com.google.android.gms/app_chimera/m/00000004/DynamiteModulesC.dm': No such file or directory
04-07 18:23:24.581  8795  8798 W ziparchive: Unable to open '/data/user_de/0/com.google.android.gms/app_chimera/m/0000000c/dl-VisionOcrDynamite.integ_231602402100000.dm': No such file or directory
04-07 18:23:24.581  8795  8798 W ziparchive: Unable to open '/data/user_de/0/com.google.android.gms/app_chimera/m/0000000c/dl-VisionOcrDynamite.integ_231602402100000.dm': No such file or directory
04-07 18:23:24.599 19390 19390 I ShortcutsDataManager: AbstractContentDataManager$ImportContentTask.onPostExecute():266 onPostExecute() : Result = [2,0]
04-07 18:23:24.600 19390 19390 I ShortcutsDataManager: ShortcutsDataManager.onImportFinished():82 onImportFinished() : Result = 2 : Count = 0
04-07 18:23:24.601 19390 19390 I GoogleInputMethodService: GoogleInputMethodService$1.onKeyboardViewShown():478 onKeyboardViewShown: keyboardType=prime, keyboardViewType=HEADER
04-07 18:23:24.607 19390 23228 I OpenGLRenderer: Davey! duration=979ms; Flags=1, FrameTimelineVsyncId=91226229, IntendedVsync=394309459801364, Vsync=394310176468002, InputEventId=0, HandleInputStart=394310183312680, AnimationStart=394310188084080, PerformTraversalsStart=394310188122280, DrawStart=394310298996980, FrameDeadline=394309476468030, FrameInterval=394310180721880, FrameStartTime=16666666, SyncQueued=394310309128580, SyncStart=394310315748580, IssueDrawCommandsStart=394310317716280, SwapBuffers=394310430157880, FrameCompleted=394310445828880, DequeueBufferDuration=21800, QueueBufferDuration=205700, GpuCompleted=394310445828880, SwapBuffersCompleted=394310430820680, DisplayPresentTime=0, CommandSubmissionCompleted=394310430157880,
04-07 18:23:24.614 19390 19390 I GoogleInputMethodService: GoogleInputMethodService$1.onKeyboardViewShown():478 onKeyboardViewShown: keyboardType=prime, keyboardViewType=BODY
04-07 18:23:24.626  8733  8733 D InsetsController: show(ime(), fromIme=true)
04-07 18:23:24.654 19390 19390 I NewLanguagePromptExtension: NewLanguagePromptExtension$1.onKeyboardViewShown():99 Not show new language banner: no change in enabled input method entries
04-07 18:23:24.654 19390 19390 I NormalModeController: NormalModeController.getKeyboardBodyViewHolderPaddingBottom():103 currentPrimeKeyboardType:SOFT systemPaddingBottom:-1
04-07 18:23:24.669  8795  8798 W ziparchive: Unable to open '/data/user_de/0/com.google.android.gms/app_chimera/m/00000001/CronetDynamite.dm': No such file or directory
04-07 18:23:24.669  8795  8798 W ziparchive: Unable to open '/data/user_de/0/com.google.android.gms/app_chimera/m/00000001/CronetDynamite.dm': No such file or directory
04-07 18:23:24.669  8795  8798 W ziparchive: Unable to open '/data/user_de/0/com.google.android.gms/app_chimera/m/00000002/DynamiteLoader.dm': No such file or directory
04-07 18:23:24.669  8795  8798 W ziparchive: Unable to open '/data/user_de/0/com.google.android.gms/app_chimera/m/00000002/DynamiteLoader.dm': No such file or directory
04-07 18:23:24.670  8795  8798 W ziparchive: Unable to open '/data/user_de/0/com.google.android.gms/app_chimera/m/00000005/GoogleCertificates.dm': No such file or directory
04-07 18:23:24.671  8795  8798 W ziparchive: Unable to open '/data/user_de/0/com.google.android.gms/app_chimera/m/00000005/GoogleCertificates.dm': No such file or directory
04-07 18:23:24.700 19390 19469 I Delight5Decoder: Delight5DecoderWrapper.setKeyboardLayout():497 setKeyboardLayout()
04-07 18:23:24.716  8795  8798 W ziparchive: Unable to open '/data/user_de/0/com.google.android.gms/app_chimera/m/00000000/AdsDynamite.dm': No such file or directory
04-07 18:23:24.716  8795  8798 W ziparchive: Unable to open '/data/user_de/0/com.google.android.gms/app_chimera/m/00000000/AdsDynamite.dm': No such file or directory
04-07 18:23:24.738  8795  8798 W ziparchive: Unable to open '/data/user_de/0/com.google.android.gms/app_chimera/m/00000018/dl-MlkitOcrCommon.optional_241017100800.dm': No such file or directory
04-07 18:23:24.738  8795  8798 W ziparchive: Unable to open '/data/user_de/0/com.google.android.gms/app_chimera/m/00000018/dl-MlkitOcrCommon.optional_241017100800.dm': No such file or directory
04-07 18:23:24.754  8795  8798 W ziparchive: Unable to open '/data/user_de/0/com.google.android.gms/app_chimera/m/0000001a/dl-VisionOcr.optional_241017100000.dm': No such file or directory
04-07 18:23:24.754  8795  8798 W ziparchive: Unable to open '/data/user_de/0/com.google.android.gms/app_chimera/m/0000001a/dl-VisionOcr.optional_241017100000.dm': No such file or directory
04-07 18:23:24.828  8795  8798 W ziparchive: Unable to open '/data/user_de/0/com.google.android.gms/app_chimera/m/00000017/dl-PlayCloudSearch.optional_241017100000.dm': No such file or directory
04-07 18:23:24.828  8795  8798 W ziparchive: Unable to open '/data/user_de/0/com.google.android.gms/app_chimera/m/00000017/dl-PlayCloudSearch.optional_241017100000.dm': No such file or directory
04-07 18:23:24.850  8795  8798 W ziparchive: Unable to open '/data/user_de/0/com.google.android.gms/app_chimera/m/0000000b/dl-MlkitBarcodeUi.optional_231818100000.dm': No such file or directory
04-07 18:23:24.851  8795  8798 W ziparchive: Unable to open '/data/user_de/0/com.google.android.gms/app_chimera/m/0000000b/dl-MlkitBarcodeUi.optional_231818100000.dm': No such file or directory
