04-07 18:23:24.872  8795  8798 W ziparchive: Unable to open '/data/user_de/0/com.google.android.gms/app_chimera/m/00000015/dl-Antifingerprinting.optional_241017100000.dm': No such file or directory
04-07 18:23:24.873  8795  8798 W ziparchive: Unable to open '/data/user_de/0/com.google.android.gms/app_chimera/m/00000015/dl-Antifingerprinting.optional_241017100000.dm': No such file or directory
04-07 18:23:24.902  8795  8798 W ziparchive: Unable to open '/data/user_de/0/com.google.android.gms/app_chimera/m/00000014/DynamiteLoader.dm': No such file or directory
04-07 18:23:24.902  8795  8798 W ziparchive: Unable to open '/data/user_de/0/com.google.android.gms/app_chimera/m/00000014/DynamiteLoader.dm': No such file or directory
04-07 18:23:24.936  8795  8798 W ziparchive: Unable to open '/data/user_de/0/com.google.android.gms/app_chimera/m/0000000e/dl-TfliteDynamiteDynamite.integ_234200803100800.dm': No such file or directory
04-07 18:23:24.936  8795  8798 W ziparchive: Unable to open '/data/user_de/0/com.google.android.gms/app_chimera/m/0000000e/dl-TfliteDynamiteDynamite.integ_234200803100800.dm': No such file or directory
04-07 18:23:24.949  8795  8798 W ziparchive: Unable to open '/data/user_de/0/com.google.android.gms/app_chimera/m/00000010/dl-PlayCloudSearch.optional_231818100000.dm': No such file or directory
04-07 18:23:24.949  8795  8798 W ziparchive: Unable to open '/data/user_de/0/com.google.android.gms/app_chimera/m/00000010/dl-PlayCloudSearch.optional_231818100000.dm': No such file or directory
04-07 18:23:24.958  8795  8798 W ziparchive: Unable to open '/data/user_de/0/com.google.android.gms/app_chimera/m/0000000a/dl-MlkitOcrCommon.optional_231818100800.dm': No such file or directory
04-07 18:23:24.967  8795  8798 W ziparchive: Unable to open '/data/user_de/0/com.google.android.gms/app_chimera/m/0000000a/dl-MlkitOcrCommon.optional_231818100800.dm': No such file or directory
04-07 18:23:24.968  8795  8798 W ziparchive: Unable to open '/data/user_de/0/com.google.android.gms/app_chimera/m/00000007/MeasurementDynamite.dm': No such file or directory
04-07 18:23:24.968  8795  8798 W ziparchive: Unable to open '/data/user_de/0/com.google.android.gms/app_chimera/m/00000007/MeasurementDynamite.dm': No such file or directory
04-07 18:23:24.972  8733  8733 I ImeTracker: com.example.android.testing.espresso.BasicSample:2ca1d677: onShown
04-07 18:23:24.990  8795  8798 W ziparchive: Unable to open '/data/user_de/0/com.google.android.gms/app_chimera/m/0000001c/dl-MlkitBarcodeUi.optional_241017100800.dm': No such file or directory
04-07 18:23:24.990  8795  8798 W ziparchive: Unable to open '/data/user_de/0/com.google.android.gms/app_chimera/m/0000001c/dl-MlkitBarcodeUi.optional_241017100800.dm': No such file or directory
04-07 18:23:25.014 19390 19390 W InputContextProxy: InputContextProxy.applyClientDiffInternal():939 Ignore [FetchSuggestions] diff due to stale request: 1722<1724, inputStateId=1715, lastInputStateId=1716
04-07 18:23:25.071   883   959 D EGL_emulation: app_time_stats: avg=677.65ms min=86.07ms max=1269.23ms count=2
04-07 18:23:25.075  8733  8733 I ViewInteraction: Performing 'close keyboard' action on view view.getId() is <2130903042/com.example.android.testing.espresso.BasicSample:id/editTextUserInput>
04-07 18:23:25.098  8733  8733 D IdlingRegistry: Registering idling resources: [androidx.test.espresso.action.CloseKeyboardAction$CloseKeyboardIdlingResult@e4fa3ff]
04-07 18:23:25.115  8733  8733 I ImeTracker: com.example.android.testing.espresso.BasicSample:cc06608a: onRequestHide at ORIGIN_CLIENT_HIDE_SOFT_INPUT reason HIDE_SOFT_INPUT
04-07 18:23:25.133 19390 19390 I GoogleInputMethodService: GoogleInputMethodService.onFinishInputView():2353
04-07 18:23:25.191 19390 19390 W TooltipLifecycleManager: TooltipLifecycleManager.dismissTooltips():172 Tooltip with id spell_check_add_to_dictionary not found in tooltipManager.
04-07 18:23:25.210 19390 19390 I InputBundle: InputBundle.consumeEvent():878 Skip consuming an event as keyboard status is 0
04-07 18:23:25.273 19390 19390 I VoiceInputHandler: VoiceInputHandler.onDeactivateIme():115 unregistering TalkbackStateListener
04-07 18:23:25.274 19390 19390 I VoiceInputManagerWrapper: VoiceInputManagerWrapper.shutdown():124 shutdown()
04-07 18:23:25.286 19390 19390 I AndroidIME: AbstractIme.onDeactivate():204 LatinIme.onDeactivate()
04-07 18:23:25.299 19390 19390 W AccessPointsManager: AccessPointsManager.removeAccessPoint():846 The holder controller #0x7f0b206c is not registered
04-07 18:23:25.325  8733  8733 W WindowOnBackDispatcher: sendCancelIfRunning: isInProgress=falsecallback=ImeCallback=ImeOnBackInvokedCallback@218956194 Callback=android.window.IOnBackInvokedCallback$Stub$Proxy@604811b
04-07 18:23:25.344 19390 19390 I KeyboardHeightUtil: KeyboardHeightUtil.calculateMaxKeyboardBodyHeight():45 leave 281 height for app when ime window height:2211, header height:116 and isFullscreenMode:false, so the max keyboard body height is:1814
04-07 18:23:25.470  8733  8733 I ImeTracker: com.example.android.testing.espresso.BasicSample:2c67e573: onRequestHide at ORIGIN_CLIENT_HIDE_SOFT_INPUT reason HIDE_SOFT_INPUT_BY_INSETS_API
04-07 18:23:25.497   529  2262 I ImeTracker: com.example.android.testing.espresso.BasicSample:2c67e573: onCancelled at PHASE_SERVER_SHOULD_HIDE
04-07 18:23:25.502  8733  8733 I ImeTracker: com.example.android.testing.espresso.BasicSample:cc06608a: onHidden
04-07 18:23:25.575   362  2907 D android.hardware.audio@7.1-impl.ranchu: threadLoop: entering standby, frames: 91176576
04-07 18:23:25.622  8733  8769 D EGL_emulation: app_time_stats: avg=354.19ms min=170.96ms max=568.58ms count=4
04-07 18:23:25.644  8733  8733 D IdlingRegistry: Unregistering idling resources: [androidx.test.espresso.action.CloseKeyboardAction$CloseKeyboardIdlingResult@e4fa3ff]
04-07 18:23:25.669  8733  8733 I ViewInteraction: Performing 'single click' action on view view.getId() is <2130903040/com.example.android.testing.espresso.BasicSample:id/activityChangeTextBtn>
04-07 18:23:25.806   410   447 D audioserver: FGS Logger Transaction failed
04-07 18:23:25.806   410   447 D audioserver: -129
04-07 18:23:25.914  8733  8733 D LifecycleMonitor: Lifecycle status change: com.example.android.testing.espresso.BasicSample.MainActivity@c9837c7 in: PAUSED
04-07 18:23:25.914  8733  8733 V ActivityScenario: Update currentActivityStage to PAUSED, currentActivity=com.example.android.testing.espresso.BasicSample.MainActivity@c9837c7
04-07 18:23:25.924   414   414 I BpBinder: onLastStrongRef automatically unlinking death recipients:
04-07 18:23:25.959   410   478 D AudioFlinger: mixer(0x7c2dfefa6930) throttle end: throttle time(32)
04-07 18:23:25.961   410   478 D AF::Track: interceptBuffer: took 1126us to intercept 0 tracks
04-07 18:23:26.000   410   478 D AF::Track: interceptBuffer: took 903us to intercept 0 tracks
04-07 18:23:26.030   410   478 D AudioFlinger: mixer(0x7c2dfefa6930) throttle end: throttle time(18)
04-07 18:23:26.086   883   959 D EGL_emulation: app_time_stats: avg=34.94ms min=1.08ms max=101.95ms count=24
04-07 18:23:26.122   410   478 D audioserver: FGS Logger Transaction failed
04-07 18:23:26.125   410   478 D audioserver: -129
04-07 18:23:26.153  8733  8733 D LifecycleMonitor: Lifecycle status change: com.example.android.testing.espresso.BasicSample.ShowTextActivity@329dbce in: PRE_ON_CREATE
04-07 18:23:26.154  8733  8733 V ActivityScenario: Activity lifecycle changed event received but ignored because the intent does not match. startActivityIntent=Intent { act=android.intent.action.MAIN cat=[android.intent.category.LAUNCHER] flg=0x10008000 cmp=com.example.android.testing.espresso.BasicSample/.MainActivity }, activity.getIntent()=Intent { cmp=com.example.android.testing.espresso.BasicSample/.ShowTextActivity (has extras) }, activity=com.example.android.testing.espresso.BasicSample.ShowTextActivity@329dbce
04-07 18:23:26.229  8733  8733 D LifecycleMonitor: Lifecycle status change: com.example.android.testing.espresso.BasicSample.ShowTextActivity@329dbce in: CREATED
04-07 18:23:26.229  8733  8733 V ActivityScenario: Activity lifecycle changed event received but ignored because the intent does not match. startActivityIntent=Intent { act=android.intent.action.MAIN cat=[android.intent.category.LAUNCHER] flg=0x10008000 cmp=com.example.android.testing.espresso.BasicSample/.MainActivity }, activity.getIntent()=Intent { cmp=com.example.android.testing.espresso.BasicSample/.ShowTextActivity (has extras) }, activity=com.example.android.testing.espresso.BasicSample.ShowTextActivity@329dbce
04-07 18:23:26.238  8733  8733 D LifecycleMonitor: Lifecycle status change: com.example.android.testing.espresso.BasicSample.ShowTextActivity@329dbce in: STARTED
04-07 18:23:26.241  8733  8733 V ActivityScenario: Activity lifecycle changed event received but ignored because the intent does not match. startActivityIntent=Intent { act=android.intent.action.MAIN cat=[android.intent.category.LAUNCHER] flg=0x10008000 cmp=com.example.android.testing.espresso.BasicSample/.MainActivity }, activity.getIntent()=Intent { cmp=com.example.android.testing.espresso.BasicSample/.ShowTextActivity (has extras) }, activity=com.example.android.testing.espresso.BasicSample.ShowTextActivity@329dbce
04-07 18:23:26.263  8733  8733 D LifecycleMonitor: Lifecycle status change: com.example.android.testing.espresso.BasicSample.ShowTextActivity@329dbce in: RESUMED
04-07 18:23:26.290  8733  8733 V ActivityScenario: Activity lifecycle changed event received but ignored because the intent does not match. startActivityIntent=Intent { act=android.intent.action.MAIN cat=[android.intent.category.LAUNCHER] flg=0x10008000 cmp=com.example.android.testing.espresso.BasicSample/.MainActivity }, activity.getIntent()=Intent { cmp=com.example.android.testing.espresso.BasicSample/.ShowTextActivity (has extras) }, activity=com.example.android.testing.espresso.BasicSample.ShowTextActivity@329dbce
04-07 18:23:26.495  8733  8769 E OpenGLRenderer: Unable to match the desired swap behavior.
04-07 18:23:26.599   529   559 I ActivityTaskManager: Displayed com.example.android.testing.espresso.BasicSample/.ShowTextActivity for user 0: +768ms
04-07 18:23:26.650  8733  8769 D EGL_emulation: app_time_stats: avg=30.50ms min=5.94ms max=120.55ms count=28
04-07 18:23:27.126   529  2289 I ImeTracker: com.example.android.testing.espresso.BasicSample:bba047ef: onRequestHide at ORIGIN_SERVER_HIDE_INPUT reason HIDE_UNSPECIFIED_WINDOW
04-07 18:23:27.127   529  2289 I ImeTracker: com.example.android.testing.espresso.BasicSample:bba047ef: onCancelled at PHASE_SERVER_SHOULD_HIDE
04-07 18:23:27.141 19390 19390 I GoogleInputMethodService: GoogleInputMethodService.onFinishInput():3096
04-07 18:23:27.157 19390 19390 I GoogleInputMethodService: GoogleInputMethodService.updateDeviceLockedStatus():2210 repeatCheckTimes = 0, locked = false
04-07 18:23:27.163 19390 19390 I GoogleInputMethodService: GoogleInputMethodService.onStartInput():1950 onStartInput(EditorInfo{EditorInfo{packageName=com.example.android.testing.espresso.BasicSample, inputType=0, inputTypeString=NULL, enableLearning=false, autoCorrection=false, autoComplete=false, imeOptions=0, privateImeOptions=null, actionName=UNSPECIFIED, actionLabel=null, initialSelStart=-1, initialSelEnd=-1, initialCapsMode=0, label=null, fieldId=0, fieldName=null, extras=null, hintText=null, hintLocales=[]}}, false)
04-07 18:23:27.167 19390 19390 I GoogleInputMethodService: GoogleInputMethodService.updateDeviceLockedStatus():2210 repeatCheckTimes = 1, locked = false
04-07 18:23:27.190 19390 19390 I AndroidIME: InputBundleManager.loadActiveInputBundleId():450 loadActiveInputBundleId: und-Latn-x-password, password
04-07 18:23:27.203  8733  8733 I ViewInteraction: Checking 'MatchesViewAssertion{viewMatcher=an instance of android.widget.TextView and view.getText() with or without transformation to match: is "123"}' assertion on view view.getId() is <2130903043/com.example.android.testing.espresso.BasicSample:id/show_text_view>
04-07 18:23:27.237  8733  8733 I ViewInteraction: Performing 'send keyCode: 4, metaState: 0 key event' action on view view.getRootView() to equal view
04-07 18:23:27.346  8733  8733 D LifecycleMonitor: Lifecycle status change: com.example.android.testing.espresso.BasicSample.ShowTextActivity@329dbce in: PAUSED
04-07 18:23:27.347  8733  8733 V ActivityScenario: Activity lifecycle changed event received but ignored because the intent does not match. startActivityIntent=Intent { act=android.intent.action.MAIN cat=[android.intent.category.LAUNCHER] flg=0x10008000 cmp=com.example.android.testing.espresso.BasicSample/.MainActivity }, activity.getIntent()=Intent { cmp=com.example.android.testing.espresso.BasicSample/.ShowTextActivity (has extras) }, activity=com.example.android.testing.espresso.BasicSample.ShowTextActivity@329dbce
04-07 18:23:27.406  8733  8733 D LifecycleMonitor: Lifecycle status change: com.example.android.testing.espresso.BasicSample.MainActivity@c9837c7 in: RESUMED
04-07 18:23:27.407  8733  8733 V ActivityScenario: Update currentActivityStage to RESUMED, currentActivity=com.example.android.testing.espresso.BasicSample.MainActivity@c9837c7
04-07 18:23:27.545   529  2289 I ImeTracker: com.example.android.testing.espresso.BasicSample:5da6be9a: onRequestHide at ORIGIN_SERVER_HIDE_INPUT reason HIDE_UNSPECIFIED_WINDOW
04-07 18:23:27.546   529  2289 I ImeTracker: com.example.android.testing.espresso.BasicSample:5da6be9a: onCancelled at PHASE_SERVER_SHOULD_HIDE
04-07 18:23:27.596 19390 19390 I GoogleInputMethodService: GoogleInputMethodService.onFinishInput():3096
04-07 18:23:27.608 19390 19390 I GoogleInputMethodService: GoogleInputMethodService.updateDeviceLockedStatus():2210 repeatCheckTimes = 0, locked = false
04-07 18:23:27.609 19390 19390 I GoogleInputMethodService: GoogleInputMethodService.onStartInput():1950 onStartInput(EditorInfo{EditorInfo{packageName=com.example.android.testing.espresso.BasicSample, inputType=1, inputTypeString=Normal, enableLearning=true, autoCorrection=true, autoComplete=true, imeOptions=6, privateImeOptions=null, actionName=DONE, actionLabel=null, initialSelStart=3, initialSelEnd=3, initialCapsMode=0, label=null, fieldId=2130903042, fieldName=null, extras=null, hintText=non-empty, hintLocales=[]}}, false)
04-07 18:23:27.610 19390 19390 I GoogleInputMethodService: GoogleInputMethodService.updateDeviceLockedStatus():2210 repeatCheckTimes = 1, locked = false
04-07 18:23:27.629 19390 19390 I AndroidIME: InputBundleManager.loadActiveInputBundleId():450 loadActiveInputBundleId: en-US, ime_english_united_states
04-07 18:23:27.661  8733  8769 D EGL_emulation: app_time_stats: avg=134.86ms min=7.88ms max=722.21ms count=7
04-07 18:23:28.420  8733  8733 D LifecycleMonitor: Lifecycle status change: com.example.android.testing.espresso.BasicSample.ShowTextActivity@329dbce in: STOPPED
04-07 18:23:28.421  8733  8733 V ActivityScenario: Activity lifecycle changed event received but ignored because the intent does not match. startActivityIntent=Intent { act=android.intent.action.MAIN cat=[android.intent.category.LAUNCHER] flg=0x10008000 cmp=com.example.android.testing.espresso.BasicSample/.MainActivity }, activity.getIntent()=Intent { cmp=com.example.android.testing.espresso.BasicSample/.ShowTextActivity (has extras) }, activity=com.example.android.testing.espresso.BasicSample.ShowTextActivity@329dbce
04-07 18:23:28.446  8733  8733 D LifecycleMonitor: Lifecycle status change: com.example.android.testing.espresso.BasicSample.ShowTextActivity@329dbce in: DESTROYED
04-07 18:23:28.460  8733  8733 V ActivityScenario: Activity lifecycle changed event received but ignored because the intent does not match. startActivityIntent=Intent { act=android.intent.action.MAIN cat=[android.intent.category.LAUNCHER] flg=0x10008000 cmp=com.example.android.testing.espresso.BasicSample/.MainActivity }, activity.getIntent()=Intent { cmp=com.example.android.testing.espresso.BasicSample/.ShowTextActivity (has extras) }, activity=com.example.android.testing.espresso.BasicSample.ShowTextActivity@329dbce
04-07 18:23:28.478  8733  8733 W WindowOnBackDispatcher: sendCancelIfRunning: isInProgress=falsecallback=android.view.ViewRootImpl$$ExternalSyntheticLambda17@d7ebc94
04-07 18:23:28.499   529   554 W InputManager-JNI: Input channel object '53db5a2 com.example.android.testing.espresso.BasicSample/com.example.android.testing.espresso.BasicSample.ShowTextActivity (client)' was disposed without first being removed with the input manager!
04-07 18:23:28.526  8733  8733 W KeyEventActionBase: Back was pressed and left the application in an inconsistent state even after 600ms.
04-07 18:23:28.552  8733  8733 I ViewInteraction: Performing 'replace text()' action on view view.getId() is <2130903042/com.example.android.testing.espresso.BasicSample:id/editTextUserInput>
04-07 18:23:28.623 19390 19390 I GoogleInputMethodService: GoogleInputMethodService.onStartInput():1950 onStartInput(EditorInfo{EditorInfo{packageName=com.example.android.testing.espresso.BasicSample, inputType=1, inputTypeString=Normal, enableLearning=true, autoCorrection=true, autoComplete=true, imeOptions=6, privateImeOptions=null, actionName=DONE, actionLabel=null, initialSelStart=0, initialSelEnd=0, initialCapsMode=3000, label=null, fieldId=2130903042, fieldName=null, extras=null, hintText=non-empty, hintLocales=[]}}, true)
04-07 18:23:28.623  8733  8733 I ViewInteraction: Performing 'type text()' action on view view.getId() is <2130903042/com.example.android.testing.espresso.BasicSample:id/editTextUserInput>
04-07 18:23:28.656 19390 19390 I GoogleInputMethodService: GoogleInputMethodService.updateDeviceLockedStatus():2210 repeatCheckTimes = 1, locked = false
04-07 18:23:28.657 19390 19390 W SessionManager: SessionManager.beginSession():53 Try to begin an already begun session [INPUT_SESSION], end it first
04-07 18:23:28.671  8733  8733 W TypeTextAction: Supplied string is empty resulting in no-op (nothing is typed).
04-07 18:23:28.697 19390 19390 I AndroidIME: InputBundleManager.loadActiveInputBundleId():450 loadActiveInputBundleId: en-US, ime_english_united_states
04-07 18:23:28.730  8733  8733 I ViewInteraction: Performing 'close keyboard' action on view view.getId() is <2130903042/com.example.android.testing.espresso.BasicSample:id/editTextUserInput>
04-07 18:23:28.757  8733  8733 D IdlingRegistry: Registering idling resources: [androidx.test.espresso.action.CloseKeyboardAction$CloseKeyboardIdlingResult@c29c6eb]
04-07 18:23:28.767  8733  8733 I ImeTracker: com.example.android.testing.espresso.BasicSample:d01ab239: onRequestHide at ORIGIN_CLIENT_HIDE_SOFT_INPUT reason HIDE_SOFT_INPUT
04-07 18:23:28.777   529  2262 I ImeTracker: com.example.android.testing.espresso.BasicSample:d01ab239: onCancelled at PHASE_SERVER_SHOULD_HIDE
04-07 18:23:28.786  8733  8733 W CloseKeyboardAction: Attempting to close soft keyboard, while it is not shown.
04-07 18:23:28.786  8733  8733 D IdlingRegistry: Unregistering idling resources: [androidx.test.espresso.action.CloseKeyboardAction$CloseKeyboardIdlingResult@c29c6eb]
04-07 18:23:28.801  8733  8733 I ViewInteraction: Performing 'single click' action on view view.getId() is <2130903041/com.example.android.testing.espresso.BasicSample:id/changeTextBt>
04-07 18:23:28.857  8733  8769 D EGL_emulation: app_time_stats: avg=75.14ms min=9.69ms max=351.28ms count=15
04-07 18:23:28.976   410   447 D audioserver: FGS Logger Transaction failed
04-07 18:23:28.976   410   447 D audioserver: -129
04-07 18:23:28.998   410   478 D AF::Track: interceptBuffer: took 503us to intercept 0 tracks
04-07 18:23:29.046   529   807 E WifiStaIfaceAidlImpl: installApfPacketFilter failed with service-specific exception: android.os.ServiceSpecificException:  (code 4)
04-07 18:23:29.062   410   478 D AF::Track: interceptBuffer: took 1628us to intercept 0 tracks
04-07 18:23:29.073   410   478 D AudioFlinger: mixer(0x7c2dfefa6930) throttle end: throttle time(11)
04-07 18:23:29.180   410   478 D audioserver: FGS Logger Transaction failed
04-07 18:23:29.181   410   478 D audioserver: -129
04-07 18:23:29.281  8733  8733 I ViewInteraction: Checking 'MatchesViewAssertion{viewMatcher=an instance of android.widget.TextView and view.getText() with or without transformation to match: is ""}' assertion on view view.getId() is <2130903044/com.example.android.testing.espresso.BasicSample:id/textToBeChanged>
04-07 18:23:29.357  8733  8733 I ViewInteraction: Performing 'replace text()' action on view view.getId() is <2130903042/com.example.android.testing.espresso.BasicSample:id/editTextUserInput>
04-07 18:23:29.422  8733  8733 I ViewInteraction: Performing 'type text()' action on view view.getId() is <2130903042/com.example.android.testing.espresso.BasicSample:id/editTextUserInput>
04-07 18:23:29.453  8733  8733 W TypeTextAction: Supplied string is empty resulting in no-op (nothing is typed).
04-07 18:23:29.460  8733  8733 I ViewInteraction: Performing 'close keyboard' action on view view.getId() is <2130903042/com.example.android.testing.espresso.BasicSample:id/editTextUserInput>
04-07 18:23:29.466 19390 19390 I GoogleInputMethodService: GoogleInputMethodService.onStartInput():1950 onStartInput(EditorInfo{EditorInfo{packageName=com.example.android.testing.espresso.BasicSample, inputType=1, inputTypeString=Normal, enableLearning=true, autoCorrection=true, autoComplete=true, imeOptions=6, privateImeOptions=null, actionName=DONE, actionLabel=null, initialSelStart=0, initialSelEnd=0, initialCapsMode=3000, label=null, fieldId=2130903042, fieldName=null, extras=null, hintText=non-empty, hintLocales=[]}}, true)
04-07 18:23:29.468  8733  8733 D IdlingRegistry: Registering idling resources: [androidx.test.espresso.action.CloseKeyboardAction$CloseKeyboardIdlingResult@25be6c7]
04-07 18:23:29.470 19390 19390 I GoogleInputMethodService: GoogleInputMethodService.updateDeviceLockedStatus():2210 repeatCheckTimes = 1, locked = false
04-07 18:23:29.470 19390 19390 W SessionManager: SessionManager.beginSession():53 Try to begin an already begun session [INPUT_SESSION], end it first
04-07 18:23:29.470  8733  8733 I ImeTracker: com.example.android.testing.espresso.BasicSample:53a62d43: onRequestHide at ORIGIN_CLIENT_HIDE_SOFT_INPUT reason HIDE_SOFT_INPUT
04-07 18:23:29.475 19390 19390 I AndroidIME: InputBundleManager.loadActiveInputBundleId():450 loadActiveInputBundleId: en-US, ime_english_united_states
04-07 18:23:29.482   529  1285 I ImeTracker: com.example.android.testing.espresso.BasicSample:53a62d43: onCancelled at PHASE_SERVER_SHOULD_HIDE
04-07 18:23:29.490  8733  8733 W CloseKeyboardAction: Attempting to close soft keyboard, while it is not shown.
04-07 18:23:29.490  8733  8733 D IdlingRegistry: Unregistering idling resources: [androidx.test.espresso.action.CloseKeyboardAction$CloseKeyboardIdlingResult@25be6c7]
04-07 18:23:29.521  8733  8733 I ViewInteraction: Performing 'single click' action on view view.getId() is <2130903040/com.example.android.testing.espresso.BasicSample:id/activityChangeTextBtn>
04-07 18:23:29.623   410   447 D audioserver: FGS Logger Transaction failed
04-07 18:23:29.625   410   447 D audioserver: -129
04-07 18:23:29.701   414   414 I BpBinder: onLastStrongRef automatically unlinking death recipients:
04-07 18:23:29.702  8733  8733 D LifecycleMonitor: Lifecycle status change: com.example.android.testing.espresso.BasicSample.MainActivity@c9837c7 in: PAUSED
04-07 18:23:29.713  8733  8733 V ActivityScenario: Update currentActivityStage to PAUSED, currentActivity=com.example.android.testing.espresso.BasicSample.MainActivity@c9837c7
04-07 18:23:29.789  8733  8733 D LifecycleMonitor: Lifecycle status change: com.example.android.testing.espresso.BasicSample.ShowTextActivity@a7e69de in: PRE_ON_CREATE
04-07 18:23:29.803  8733  8733 V ActivityScenario: Activity lifecycle changed event received but ignored because the intent does not match. startActivityIntent=Intent { act=android.intent.action.MAIN cat=[android.intent.category.LAUNCHER] flg=0x10008000 cmp=com.example.android.testing.espresso.BasicSample/.MainActivity }, activity.getIntent()=Intent { cmp=com.example.android.testing.espresso.BasicSample/.ShowTextActivity (has extras) }, activity=com.example.android.testing.espresso.BasicSample.ShowTextActivity@a7e69de
04-07 18:23:29.839   410   478 D audioserver: FGS Logger Transaction failed
04-07 18:23:29.841   410   478 D audioserver: -129
04-07 18:23:29.862  8733  8769 D EGL_emulation: app_time_stats: avg=13.90ms min=1.53ms max=46.39ms count=42
04-07 18:23:29.878  8733  8733 D LifecycleMonitor: Lifecycle status change: com.example.android.testing.espresso.BasicSample.ShowTextActivity@a7e69de in: CREATED
04-07 18:23:29.883  8733  8733 V ActivityScenario: Activity lifecycle changed event received but ignored because the intent does not match. startActivityIntent=Intent { act=android.intent.action.MAIN cat=[android.intent.category.LAUNCHER] flg=0x10008000 cmp=com.example.android.testing.espresso.BasicSample/.MainActivity }, activity.getIntent()=Intent { cmp=com.example.android.testing.espresso.BasicSample/.ShowTextActivity (has extras) }, activity=com.example.android.testing.espresso.BasicSample.ShowTextActivity@a7e69de
04-07 18:23:29.883  8733  8733 D LifecycleMonitor: Lifecycle status change: com.example.android.testing.espresso.BasicSample.ShowTextActivity@a7e69de in: STARTED
04-07 18:23:29.884  8733  8733 V ActivityScenario: Activity lifecycle changed event received but ignored because the intent does not match. startActivityIntent=Intent { act=android.intent.action.MAIN cat=[android.intent.category.LAUNCHER] flg=0x10008000 cmp=com.example.android.testing.espresso.BasicSample/.MainActivity }, activity.getIntent()=Intent { cmp=com.example.android.testing.espresso.BasicSample/.ShowTextActivity (has extras) }, activity=com.example.android.testing.espresso.BasicSample.ShowTextActivity@a7e69de
04-07 18:23:29.939  8733  8733 D LifecycleMonitor: Lifecycle status change: com.example.android.testing.espresso.BasicSample.ShowTextActivity@a7e69de in: RESUMED
04-07 18:23:29.940  8733  8733 V ActivityScenario: Activity lifecycle changed event received but ignored because the intent does not match. startActivityIntent=Intent { act=android.intent.action.MAIN cat=[android.intent.category.LAUNCHER] flg=0x10008000 cmp=com.example.android.testing.espresso.BasicSample/.MainActivity }, activity.getIntent()=Intent { cmp=com.example.android.testing.espresso.BasicSample/.ShowTextActivity (has extras) }, activity=com.example.android.testing.espresso.BasicSample.ShowTextActivity@a7e69de
04-07 18:23:30.141  8733  8769 E OpenGLRenderer: Unable to match the desired swap behavior.
04-07 18:23:30.247   529   559 I ActivityTaskManager: Displayed com.example.android.testing.espresso.BasicSample/.ShowTextActivity for user 0: +621ms
04-07 18:23:30.321   883   883 D StatusBarIconController: ignoring old pipeline callback because the new wifi icon is enabled
04-07 18:23:30.571   529   610 I ImeTracker: com.example.android.testing.espresso.BasicSample:db2a8ec5: onRequestHide at ORIGIN_SERVER_HIDE_INPUT reason HIDE_UNSPECIFIED_WINDOW
04-07 18:23:30.571   529   610 I ImeTracker: com.example.android.testing.espresso.BasicSample:db2a8ec5: onCancelled at PHASE_SERVER_SHOULD_HIDE
04-07 18:23:30.581 19390 19390 I GoogleInputMethodService: GoogleInputMethodService.onFinishInput():3096
04-07 18:23:30.596 19390 19390 I GoogleInputMethodService: GoogleInputMethodService.updateDeviceLockedStatus():2210 repeatCheckTimes = 0, locked = false
04-07 18:23:30.607 19390 19390 I GoogleInputMethodService: GoogleInputMethodService.onStartInput():1950 onStartInput(EditorInfo{EditorInfo{packageName=com.example.android.testing.espresso.BasicSample, inputType=0, inputTypeString=NULL, enableLearning=false, autoCorrection=false, autoComplete=false, imeOptions=0, privateImeOptions=null, actionName=UNSPECIFIED, actionLabel=null, initialSelStart=-1, initialSelEnd=-1, initialCapsMode=0, label=null, fieldId=0, fieldName=null, extras=null, hintText=null, hintLocales=[]}}, false)
04-07 18:23:30.608 19390 19390 I GoogleInputMethodService: GoogleInputMethodService.updateDeviceLockedStatus():2210 repeatCheckTimes = 1, locked = false
04-07 18:23:30.620 19390 19390 I AndroidIME: InputBundleManager.loadActiveInputBundleId():450 loadActiveInputBundleId: und-Latn-x-password, password
04-07 18:23:30.694  8733  8733 I ViewInteraction: Checking 'MatchesViewAssertion{viewMatcher=an instance of android.widget.TextView and view.getText() with or without transformation to match: is ""}' assertion on view view.getId() is <2130903043/com.example.android.testing.espresso.BasicSample:id/show_text_view>
04-07 18:23:30.711  8733  8733 I ViewInteraction: Performing 'send keyCode: 4, metaState: 0 key event' action on view view.getRootView() to equal view
04-07 18:23:30.820  8733  8733 D LifecycleMonitor: Lifecycle status change: com.example.android.testing.espresso.BasicSample.ShowTextActivity@a7e69de in: PAUSED
04-07 18:23:30.821  8733  8733 V ActivityScenario: Activity lifecycle changed event received but ignored because the intent does not match. startActivityIntent=Intent { act=android.intent.action.MAIN cat=[android.intent.category.LAUNCHER] flg=0x10008000 cmp=com.example.android.testing.espresso.BasicSample/.MainActivity }, activity.getIntent()=Intent { cmp=com.example.android.testing.espresso.BasicSample/.ShowTextActivity (has extras) }, activity=com.example.android.testing.espresso.BasicSample.ShowTextActivity@a7e69de
04-07 18:23:30.861  8733  8733 D LifecycleMonitor: Lifecycle status change: com.example.android.testing.espresso.BasicSample.MainActivity@c9837c7 in: RESUMED
04-07 18:23:30.863  8733  8733 V ActivityScenario: Update currentActivityStage to RESUMED, currentActivity=com.example.android.testing.espresso.BasicSample.MainActivity@c9837c7
04-07 18:23:30.938   529   610 I ImeTracker: com.example.android.testing.espresso.BasicSample:7fd6c8d3: onRequestHide at ORIGIN_SERVER_HIDE_INPUT reason HIDE_UNSPECIFIED_WINDOW
04-07 18:23:30.938   529   610 I ImeTracker: com.example.android.testing.espresso.BasicSample:7fd6c8d3: onCancelled at PHASE_SERVER_SHOULD_HIDE
04-07 18:23:30.952 19390 19390 I GoogleInputMethodService: GoogleInputMethodService.onFinishInput():3096
04-07 18:23:30.956 19390 19390 I GoogleInputMethodService: GoogleInputMethodService.updateDeviceLockedStatus():2210 repeatCheckTimes = 0, locked = false
04-07 18:23:30.956 19390 19390 I GoogleInputMethodService: GoogleInputMethodService.onStartInput():1950 onStartInput(EditorInfo{EditorInfo{packageName=com.example.android.testing.espresso.BasicSample, inputType=1, inputTypeString=Normal, enableLearning=true, autoCorrection=true, autoComplete=true, imeOptions=6, privateImeOptions=null, actionName=DONE, actionLabel=null, initialSelStart=0, initialSelEnd=0, initialCapsMode=0, label=null, fieldId=2130903042, fieldName=null, extras=null, hintText=non-empty, hintLocales=[]}}, false)
04-07 18:23:30.964 19390 19390 I GoogleInputMethodService: GoogleInputMethodService.updateDeviceLockedStatus():2210 repeatCheckTimes = 1, locked = false
04-07 18:23:30.965 19390 19390 I AndroidIME: InputBundleManager.loadActiveInputBundleId():450 loadActiveInputBundleId: en-US, ime_english_united_states
04-07 18:23:30.998  8733  8769 D EGL_emulation: app_time_stats: avg=56.78ms min=7.08ms max=512.15ms count=18
04-07 18:23:31.533  8733  8733 W KeyEventActionBase: Back was pressed and left the application in an inconsistent state even after 600ms.
04-07 18:23:31.577  8733  8733 I ViewInteraction: Performing 'replace text()' action on view view.getId() is <2130903042/com.example.android.testing.espresso.BasicSample:id/editTextUserInput>
04-07 18:23:31.634 19390 19390 I GoogleInputMethodService: GoogleInputMethodService.onStartInput():1950 onStartInput(EditorInfo{EditorInfo{packageName=com.example.android.testing.espresso.BasicSample, inputType=1, inputTypeString=Normal, enableLearning=true, autoCorrection=true, autoComplete=true, imeOptions=6, privateImeOptions=null, actionName=DONE, actionLabel=null, initialSelStart=0, initialSelEnd=0, initialCapsMode=3000, label=null, fieldId=2130903042, fieldName=null, extras=null, hintText=non-empty, hintLocales=[]}}, true)
04-07 18:23:31.635  8733  8733 I ViewInteraction: Performing 'type text(GroupNine)' action on view view.getId() is <2130903042/com.example.android.testing.espresso.BasicSample:id/editTextUserInput>
04-07 18:23:31.647 19390 19390 I GoogleInputMethodService: GoogleInputMethodService.updateDeviceLockedStatus():2210 repeatCheckTimes = 1, locked = false
04-07 18:23:31.647 19390 19390 W SessionManager: SessionManager.beginSession():53 Try to begin an already begun session [INPUT_SESSION], end it first
04-07 18:23:31.648 19390 19390 I AndroidIME: InputBundleManager.loadActiveInputBundleId():450 loadActiveInputBundleId: en-US, ime_english_united_states
04-07 18:23:31.738  8733  8733 I ImeTracker: com.example.android.testing.espresso.BasicSample:7af6c61: onRequestShow at ORIGIN_CLIENT_SHOW_SOFT_INPUT reason SHOW_SOFT_INPUT
04-07 18:23:31.767  8733  8733 D InputMethodManager: showSoftInput() view=android.widget.EditText{c0c5429 VFED..CL. .F.P.... 42,288-1038,406 #7f030002 app:id/editTextUserInput aid=1073741824} flags=0 reason=SHOW_SOFT_INPUT
04-07 18:23:31.833 19390 19390 I GoogleInputMethodService: GoogleInputMethodService.onStartInputView():2062 onStartInputView(EditorInfo{EditorInfo{packageName=com.example.android.testing.espresso.BasicSample, inputType=1, inputTypeString=Normal, enableLearning=true, autoCorrection=true, autoComplete=true, imeOptions=6, privateImeOptions=null, actionName=DONE, actionLabel=null, initialSelStart=0, initialSelEnd=0, initialCapsMode=3000, label=null, fieldId=2130903042, fieldName=null, extras=null, hintText=non-empty, hintLocales=[]}}, false)
04-07 18:23:31.842 19390 19390 I GoogleInputMethodService: GoogleInputMethodService.updateDeviceLockedStatus():2210 repeatCheckTimes = 1, locked = false
04-07 18:23:31.864 19390 19390 W ModuleManager: ModuleManager.loadModule():471 Module ljt is not available
04-07 18:23:31.887 19390 19390 I KeyboardHeightUtil: KeyboardHeightUtil.getOemKeyboardHeightRatio():210 systemKeyboardHeightRatio:1.000000.
04-07 18:23:31.887 19390 19390 I AndroidIME: AbstractIme.onActivate():89 LatinIme.onActivate() : EditorInfo = EditorInfo{packageName=com.example.android.testing.espresso.BasicSample, inputType=1, inputTypeString=Normal, enableLearning=true, autoCorrection=true, autoComplete=true, imeOptions=6, privateImeOptions=null, actionName=DONE, actionLabel=null, initialSelStart=0, initialSelEnd=0, initialCapsMode=3000, label=null, fieldId=2130903042, fieldName=null, extras=null, hintText=non-empty, hintLocales=[]}, IncognitoMode = false, DeviceLocked = false
04-07 18:23:31.958  8733  8733 D LifecycleMonitor: Lifecycle status change: com.example.android.testing.espresso.BasicSample.ShowTextActivity@a7e69de in: STOPPED
04-07 18:23:31.962  8733  8733 V ActivityScenario: Activity lifecycle changed event received but ignored because the intent does not match. startActivityIntent=Intent { act=android.intent.action.MAIN cat=[android.intent.category.LAUNCHER] flg=0x10008000 cmp=com.example.android.testing.espresso.BasicSample/.MainActivity }, activity.getIntent()=Intent { cmp=com.example.android.testing.espresso.BasicSample/.ShowTextActivity (has extras) }, activity=com.example.android.testing.espresso.BasicSample.ShowTextActivity@a7e69de
04-07 18:23:31.978  8733  8733 D LifecycleMonitor: Lifecycle status change: com.example.android.testing.espresso.BasicSample.ShowTextActivity@a7e69de in: DESTROYED
04-07 18:23:31.984  8733  8733 V ActivityScenario: Activity lifecycle changed event received but ignored because the intent does not match. startActivityIntent=Intent { act=android.intent.action.MAIN cat=[android.intent.category.LAUNCHER] flg=0x10008000 cmp=com.example.android.testing.espresso.BasicSample/.MainActivity }, activity.getIntent()=Intent { cmp=com.example.android.testing.espresso.BasicSample/.ShowTextActivity (has extras) }, activity=com.example.android.testing.espresso.BasicSample.ShowTextActivity@a7e69de
04-07 18:23:31.984  8733  8733 W WindowOnBackDispatcher: sendCancelIfRunning: isInProgress=falsecallback=android.view.ViewRootImpl$$ExternalSyntheticLambda17@7b6bea8
04-07 18:23:32.035   529   554 W InputManager-JNI: Input channel object '232da5a com.example.android.testing.espresso.BasicSample/com.example.android.testing.espresso.BasicSample.ShowTextActivity (client)' was disposed without first being removed with the input manager!
04-07 18:23:32.054 19390 19390 I Delight5Facilitator: Delight5Facilitator.initializeForIme():746 initializeForIme() : Locale = [en_US], layout = qwerty
04-07 18:23:32.088 19390 19390 I VoiceInputHandler: VoiceInputHandler.onActivateIme():99 registering TalkbackStateListener
04-07 18:23:32.097 19390 19390 I VoiceInputManagerWrapper: VoiceInputManagerWrapper.cancelShutdown():102 cancelShutdown()
04-07 18:23:32.097 19390 19390 I VoiceInputManagerWrapper: VoiceInputManagerWrapper.syncLanguagePacks():114 syncLanguagePacks()
04-07 18:23:32.140 19390 19390 I LatinIme: LatinIme.updateEnableInlineSuggestionsOnDecoderSideFlags():1190 inline flag updated to:false
04-07 18:23:32.154 19390 20844 I SpeechFactory: SpeechRecognitionFactory.maybeScheduleAutoPackDownloadForFallback():200 maybeScheduleAutoPackDownloadForFallback()
04-07 18:23:32.155 19390 20844 I FallbackOnDeviceRecognitionProvider: FallbackOnDeviceRecognitionProvider.maybeScheduleAutoPackDownload():197 maybeScheduleAutoPackDownload() for language tag en-US
04-07 18:23:32.201 19390 19390 I InputBundle: InputBundle.consumeEvent():878 Skip consuming an event as keyboard status is 0
04-07 18:23:32.257  8733  8769 D EGL_emulation: app_time_stats: avg=70.10ms min=1.84ms max=350.84ms count=16
04-07 18:23:32.273 19390 19390 I KeyboardWrapper: KeyboardWrapper.activateKeyboard():572 activateKeyboard(): type=prime, status=0, imeDef=kpa{stringId=ime_english_united_states, language=en-US, languageTag=en-US, processedConditions={enable_number_row=false, device=phone}, className=com.google.android.apps.inputmethod.libs.latin5.LatinIme, label=0, keyEventInterpreter=null, inlineComposing=true, autoCapital=true, announceAutoSelectedCandidate=true, statusIcon=0, primeKeyboardType=SOFT, indicatorIcon=0, indicatorLabel=US, displayAppCompletions=true, extraValues=kos{}, processors=kqs@294ba5f, unacceptableMetaKeys=4098, languageSpecificSettings=0, asciiCapable=true, alwaysShowSuggestions=false, useAsciiPasswordKeyboard=false, secondaryIme=null, keyboardGroupDef=kqa@a6871a, phenotypeFlagId=0, localizationLanguageTag=null, supportsInlineSuggestion=true, supportsAccessPoints=true}
04-07 18:23:32.320 19390 19390 I KeyboardManager: KeyboardManager.requestKeyboard():234 Creating keyboard prime, imeId=ime_english_united_states, cacheKey=theme_border_stylesheet_noshadow_gsans_pillkey_silkpopup_light_phone_bottom4dp_navredesign
04-07 18:23:32.353 19390 19390 I KeyboardWrapper: KeyboardWrapper.onKeyboardReady():236 onKeyboardReady(): type=prime(prime), kb=com.google.android.apps.inputmethod.latin.keyboard.LatinPrimeKeyboard@faac541
04-07 18:23:32.354 19162 19162 D BoundBrokerSvc: onUnbind: Intent { act=com.google.android.gms.feedback.internal.IFeedbackService dat=chimera-action:/... cmp=com.google.android.gms/.chimera.GmsBoundBrokerService }
04-07 18:23:32.354 19390 19390 I KeyboardWrapper: KeyboardWrapper.doActivateKeyboard():603 doActivateKeyboard(): prime
04-07 18:23:32.375 19390 19402 I putmethod.latin: Background young concurrent copying GC freed 226370(10MB) AllocSpace objects, 66(3432KB) LOS objects, 48% free, 14MB/28MB, paused 17.085ms,761us total 486.566ms
04-07 18:23:32.384 19390 19390 I KeyboardHeightUtil: KeyboardHeightUtil.calculateMaxKeyboardBodyHeight():45 leave 281 height for app when ime window height:2211, header height:116 and isFullscreenMode:false, so the max keyboard body height is:1814
04-07 18:23:32.404 19390 19390 W Keyboard: Keyboard.getKeyboardViewHelper():587 null helper is returned: keyboardDef=kpv{processedConditions={enable_more_candidates_view_for_multilingual=false, enable_secondary_symbols=false, variant=qwerty, language=en-US, device=phone, expressions=normal, show_secondary_digits=true, enable_preemptive_decode=true, rtl_layout=false}, globalConditions={global_theme_key=theme_border_stylesheet_noshadow_gsans_pillkey_silkpopup_light_phone_bottom4dp_navredesign, global_locale=en_US, global_density_dpi=420, global_orientation=1}, className=.latin.keyboard.LatinPrimeKeyboard, resourceIds=[#0x7f170665, #0x7f1708e2], initialStates=0, keyboardViewDefs=[kqj{direction=null, id=#0x7f0b0150, isScalable=true, layoutId=#0x7f0e03a9, type=BODY, touchable=true, defaultShow=true}, kqj{direction=null, id=#0x7f0b0150, isScalable=false, layoutId=#0x7f0e01b6, type=FLOATING_CANDIDATES, touchable=false, defaultShow=false}, kqj{direction=LOCALE, id=#0x7f0b0150, isScalable=false, layoutId=#0x7f0e059c, type=HEADER, touchable=true, defaultShow=true}], keyTextSizeRatio=1.0, persistentStates=0, persistentStatesPrefKey=null, popupBubbleLayoutId=#0x7f0e06ac, recentKeyLayoutId=0, recentKeyPopupLayoutId=0, recentKeyType=null, rememberRecentKey=NONE, sessionStates=17592186044419}, type=WIDGET, helpersCreated=[kec@760ec57, kec@e915344, kec@5d75c2d, null], context.getResources().getConfiguration(): {1.0 310mcc260mnc [en_US] ldltr sw411dp w411dp h866dp 420dpi nrml long port finger qwerty/v/v dpad/v winConfig={ mBounds=Rect(0, 0 - 1080, 2400) mAppBounds=Rect(0, 0 - 1080, 2337) mMaxBounds=Rect(0, 0 - 1080, 2400) mDisplayRotation=ROTATION_0 mWindowingMode=fullscreen mDisplayWindowingMode=fullscreen mActivityType=undefined mAlwaysOnTop=undefined mRotation=ROTATION_0} as.2 s.62 fontWeightAdjustment=0}
04-07 18:23:32.415 19390 19390 I KeyboardHeightUtil: KeyboardHeightUtil.calculateMaxKeyboardBodyHeight():45 leave 281 height for app when ime window height:2211, header height:116 and isFullscreenMode:false, so the max keyboard body height is:1814
04-07 18:23:32.436 19390 19390 I GoogleInputMethodService: GoogleInputMethodService.startInputIfInputViewStarted():3648 startInputIfInputViewStarted(): default prime
04-07 18:23:32.438 19390 19390 I KeyboardModeManager: KeyboardModeManager.setInputViewKeyboardViewHolderProvider():610 setInputView() : supportsOneHandedMode=true supportsSplitMode=true
04-07 18:23:32.447 19390 19390 I NormalModeController: NormalModeController.getKeyboardBodyViewHolderPaddingBottom():103 currentPrimeKeyboardType:SOFT systemPaddingBottom:-1
04-07 18:23:32.447 19390 19390 I KeyboardHeightUtil: KeyboardHeightUtil.calculateMaxKeyboardBodyHeight():45 leave 281 height for app when ime window height:2211, header height:116 and isFullscreenMode:false, so the max keyboard body height is:1814
04-07 18:23:32.453 19390 19390 I KeyboardHeightUtil: KeyboardHeightUtil.calculateMaxKeyboardBodyHeight():45 leave 281 height for app when ime window height:2211, header height:116 and isFullscreenMode:false, so the max keyboard body height is:1814
04-07 18:23:32.453 19390 19390 I KeyboardHeightUtil: KeyboardHeightUtil.calculateMaxKeyboardBodyHeight():45 leave 281 height for app when ime window height:2211, header height:116 and isFullscreenMode:false, so the max keyboard body height is:1814
04-07 18:23:32.453 19390 19390 I KeyboardHeightUtil: KeyboardHeightUtil.calculateMaxKeyboardBodyHeight():45 leave 281 height for app when ime window height:2211, header height:116 and isFullscreenMode:false, so the max keyboard body height is:1814
04-07 18:23:32.453 19390 19390 I NormalModeController: NormalModeController.getKeyboardBodyViewHolderPaddingBottom():103 currentPrimeKeyboardType:SOFT systemPaddingBottom:-1
04-07 18:23:32.453 19390 19390 I KeyboardModeManager: KeyboardModeManager.updateKeyboardPinStateIfNecessary():999 Unpin khz@d5ca46c from hinge
04-07 18:23:32.454 19390 19390 I KeyboardHeightUtil: KeyboardHeightUtil.calculateMaxKeyboardBodyHeight():45 leave 281 height for app when ime window height:2211, header height:116 and isFullscreenMode:false, so the max keyboard body height is:1814
04-07 18:23:32.454 19390 19390 I KeyboardHeightUtil: KeyboardHeightUtil.calculateMaxKeyboardBodyHeight():45 leave 281 height for app when ime window height:2211, header height:116 and isFullscreenMode:false, so the max keyboard body height is:1814
04-07 18:23:32.466 19390 19390 I KeyboardModeManager: KeyboardModeManager.setInputViewKeyboardViewHolderProvider():600 setInputView() : entry=jys{languageTag=en-US, variant=qwerty, hasLocalizedResources=true, conditionCacheKey=_device=phone_device_size=default_enable_more_candidates_view_for_multilingual=false_enable_nav_redesign_for_expression=true_enable_number_row=false_enable_preemptive_decode=true_enable_secondary_digits=true_enable_secondary_symbols=false_enable_show_foldable_layout_on_small_tablet=false_expressions=normal_four_or_more_letter_rows=false_keyboard_mode=normal_language=en-US_orientation=portrait_physical_keyboard=qwerty_rtl_layout=false_show_secondary_digits=true_show_suggestions=true_split_with_duplicate_keys=true_variant=qwerty, imeDef.stringId=ime_english_united_states, imeDef.className=com.google.android.apps.inputmethod.libs.latin5.LatinIme, imeDef.languageTag=en-US}
04-07 18:23:32.482  8733  8733 D UiControllerImpl: Injecting string: "GroupNine"
04-07 18:23:32.518 19390 19390 I CrowdsourceExtension: CrowdsourceExtension.checkIfDefaultBrowserIsAllowed():110 Failed to get default browser. The default browser may be deactived.
04-07 18:23:32.519 19390 19390 W AccessPointsManager: AccessPointsManager.removeAccessPoint():846 The holder controller #0x7f0b206c is not registered
04-07 18:23:32.519 19390 19390 I VoiceImeExtension: VoiceImeExtension.shouldStartVoiceInputAutomaticallyInCurrentInputBox():415 No private IME option set to start voice input.
04-07 18:23:32.542 19390 19390 I Choreographer: Skipped 41 frames!  The application may be doing too much work on its main thread.
04-07 18:23:32.586 19390 19390 I KeyboardHeightUtil: KeyboardHeightUtil.calculateMaxKeyboardBodyHeight():45 leave 281 height for app when ime window height:2211, header height:116 and isFullscreenMode:false, so the max keyboard body height is:1814
04-07 18:23:32.587 19390 19390 I WindowMetricsNotification: WindowMetricsNotification.notifyWithWindow():105
04-07 18:23:32.601 19390 19390 I WindowMetricsNotification: WindowMetricsNotification.notify():98 WindowMetricsNotification{bounds=Rect(0, 63 - 1080, 2400), insets=Rect(0, 0 - 0, 126), densityDpi=420, displayWidth=1080, displayHeight=2400, xdpi=420.0, ydpi=420.0}; DisplayMetrics{density=2.625, width=1080, height=2400, scaledDensity=2.625, xdpi=420.0, ydpi=420.0}
04-07 18:23:32.629 19390 20832 E OpenGLRenderer: Unable to match the desired swap behavior.
04-07 18:23:32.707   362  2907 D android.hardware.audio@7.1-impl.ranchu: threadLoop: entering standby, frames: 91488832
04-07 18:23:32.763 19390 19407 I OpenGLRenderer: Davey! duration=884ms; Flags=1, FrameTimelineVsyncId=91229673, IntendedVsync=394317726467700, Vsync=394318409801006, InputEventId=0, HandleInputStart=394318423428880, AnimationStart=394318423457380, PerformTraversalsStart=394318423483380, DrawStart=394318537127280, FrameDeadline=394317743134366, FrameInterval=394318422924480, FrameStartTime=16666666, SyncQueued=394318564229080, SyncStart=394318571618480, IssueDrawCommandsStart=394318584210680, SwapBuffers=394318602931580, FrameCompleted=394318618750680, DequeueBufferDuration=454700, QueueBufferDuration=357600, GpuCompleted=394318618750680, SwapBuffersCompleted=394318605969380, DisplayPresentTime=0, CommandSubmissionCompleted=394318602931580,
04-07 18:23:32.790 19390 19390 W InputContextProxy: InputContextProxy.applyClientDiffInternal():939 Ignore [FetchSuggestions] diff due to stale request: 1727<1728, inputStateId=1720, lastInputStateId=1719
04-07 18:23:32.790 19390 19390 I GoogleInputMethodService: GoogleInputMethodService$1.onKeyboardViewShown():478 onKeyboardViewShown: keyboardType=prime, keyboardViewType=HEADER
04-07 18:23:32.790 19390 19390 I GoogleInputMethodService: GoogleInputMethodService$1.onKeyboardViewShown():478 onKeyboardViewShown: keyboardType=prime, keyboardViewType=BODY
04-07 18:23:32.791 19390 19390 I NewLanguagePromptExtension: NewLanguagePromptExtension$1.onKeyboardViewShown():99 Not show new language banner: no change in enabled input method entries
04-07 18:23:32.791 19390 19390 I NormalModeController: NormalModeController.getKeyboardBodyViewHolderPaddingBottom():103 currentPrimeKeyboardType:SOFT systemPaddingBottom:-1
04-07 18:23:32.809 19390 19469 I Delight5Decoder: Delight5DecoderWrapper.setKeyboardLayout():497 setKeyboardLayout()
04-07 18:23:32.861  8733  8733 D InsetsController: show(ime(), fromIme=true)
04-07 18:23:32.966   883   883 D StatusBarIconController: ignoring old pipeline callbacks, because the new mobile icons are enabled
04-07 18:23:33.031 19390 19390 I KeyboardHeightUtil: KeyboardHeightUtil.calculateMaxKeyboardBodyHeight():45 leave 281 height for app when ime window height:2211, header height:116 and isFullscreenMode:false, so the max keyboard body height is:1814
04-07 18:23:33.149   883   959 D EGL_emulation: app_time_stats: avg=314.56ms min=1.49ms max=6108.98ms count=22
04-07 18:23:33.170  8733  8733 I ImeTracker: com.example.android.testing.espresso.BasicSample:7af6c61: onShown
04-07 18:23:33.261  8733  8769 D EGL_emulation: app_time_stats: avg=200.70ms min=135.06ms max=368.81ms count=5
04-07 18:23:33.374 19390 19390 W InputConnectionWrapper: InputConnectionWrapper.recordDuration():1578 IPC IC_GET_SURROUNDING_TEXT took 154 ms
04-07 18:23:33.391   883   883 D StatusBarIconController: ignoring old pipeline callback because the new wifi icon is enabled
04-07 18:23:33.399  8795  8798 W ziparchive: Unable to open '/data/user_de/0/com.google.android.gms/app_chimera/m/00000013/CronetDynamite.dm': No such file or directory
